../Core/Src/lcd.c:7:19:lcd_transfer	24	static
../Core/Src/lcd.c:25:19:lcd_reset	8	static
../Core/Src/lcd.c:36:20:onLCD	16	static
../Core/Src/lcd.c:50:20:lcd_ALLpixels	16	static
../Core/Src/lcd.c:64:20:lcd_RAMpixels	16	static
../Core/Src/lcd.c:78:20:offLCD	16	static
../Core/Src/lcd.c:93:19:setPageaddressing	16	static
../Core/Src/lcd.c:103:19:setVerticaladdressing	16	static
../Core/Src/lcd.c:117:20:lcd_setpage_address	24	static
../Core/Src/lcd.c:132:20:lcd_setcolumn_address	24	static
../Core/Src/lcd.c:159:19:lcd_writeRAM	24	static
../Core/Src/lcd.c:173:19:lcd_4SPI_init	8	static
../Core/Src/lcd.c:189:20:clearLCD	24	static,ignoring_inline_asm
../Core/Src/lcd.c:219:20:fillLCD	24	static
