../Core/Src/main.c:109:5:main	8	static
../Core/Src/main.c:199:6:SystemClock_Config	88	static
../Core/Src/main.c:257:13:MX_ETH_Init	8	static
../Core/Src/main.c:306:13:MX_RNG_Init	8	static
../Core/Src/main.c:331:13:MX_SPI2_Init	8	static
../Core/Src/main.c:371:13:MX_USART3_UART_Init	8	static
../Core/Src/main.c:406:13:MX_USB_OTG_FS_PCD_Init	8	static
../Core/Src/main.c:441:13:MX_GPIO_Init	56	static
../Core/Src/main.c:514:1:__io_putchar	16	static
../Core/Src/main.c:528:6:StartDefaultTask	16	static
../Core/Src/main.c:542:6:MPU_Config	24	static
../Core/Src/main.c:577:6:HAL_TIM_PeriodElapsedCallback	16	static
../Core/Src/main.c:595:6:Error_Handler	4	static,ignoring_inline_asm
