Archive member included to satisfy reference by file (symbol)

C:/ST/STM32CubeIDE_1.19.0/STM32CubeIDE/plugins/com.st.stm32cube.ide.mcu.externaltools.gnu-tools-for-stm32.13.3.rel1.win32_1.0.0.202411081344/tools/bin/../lib/gcc/arm-none-eabi/13.3.1/../../../../arm-none-eabi/lib/thumb/v7e-m+dp/hard\libc_nano.a(libc_a-atoi.o)
                              ./Middlewares/Third_Party/LwIP/src/core/netif.o (atoi)
C:/ST/STM32CubeIDE_1.19.0/STM32CubeIDE/plugins/com.st.stm32cube.ide.mcu.externaltools.gnu-tools-for-stm32.13.3.rel1.win32_1.0.0.202411081344/tools/bin/../lib/gcc/arm-none-eabi/13.3.1/../../../../arm-none-eabi/lib/thumb/v7e-m+dp/hard\libc_nano.a(libc_a-exit.o)
                              C:/ST/STM32CubeIDE_1.19.0/STM32CubeIDE/plugins/com.st.stm32cube.ide.mcu.externaltools.gnu-tools-for-stm32.13.3.rel1.win32_1.0.0.202411081344/tools/bin/../lib/gcc/arm-none-eabi/13.3.1/../../../../arm-none-eabi/lib/thumb/v7e-m+dp/hard/crt0.o (exit)
C:/ST/STM32CubeIDE_1.19.0/STM32CubeIDE/plugins/com.st.stm32cube.ide.mcu.externaltools.gnu-tools-for-stm32.13.3.rel1.win32_1.0.0.202411081344/tools/bin/../lib/gcc/arm-none-eabi/13.3.1/../../../../arm-none-eabi/lib/thumb/v7e-m+dp/hard\libc_nano.a(libc_a-rand.o)
                              ./Middlewares/Third_Party/LwIP/src/core/tcp.o (rand)
C:/ST/STM32CubeIDE_1.19.0/STM32CubeIDE/plugins/com.st.stm32cube.ide.mcu.externaltools.gnu-tools-for-stm32.13.3.rel1.win32_1.0.0.202411081344/tools/bin/../lib/gcc/arm-none-eabi/13.3.1/../../../../arm-none-eabi/lib/thumb/v7e-m+dp/hard\libc_nano.a(libc_a-strtol.o)
                              C:/ST/STM32CubeIDE_1.19.0/STM32CubeIDE/plugins/com.st.stm32cube.ide.mcu.externaltools.gnu-tools-for-stm32.13.3.rel1.win32_1.0.0.202411081344/tools/bin/../lib/gcc/arm-none-eabi/13.3.1/../../../../arm-none-eabi/lib/thumb/v7e-m+dp/hard\libc_nano.a(libc_a-atoi.o) (_strtol_r)
C:/ST/STM32CubeIDE_1.19.0/STM32CubeIDE/plugins/com.st.stm32cube.ide.mcu.externaltools.gnu-tools-for-stm32.13.3.rel1.win32_1.0.0.202411081344/tools/bin/../lib/gcc/arm-none-eabi/13.3.1/../../../../arm-none-eabi/lib/thumb/v7e-m+dp/hard\libc_nano.a(libc_a-ctype_.o)
                              ./Middlewares/Third_Party/LwIP/src/core/ipv4/ip4_addr.o (_ctype_)
C:/ST/STM32CubeIDE_1.19.0/STM32CubeIDE/plugins/com.st.stm32cube.ide.mcu.externaltools.gnu-tools-for-stm32.13.3.rel1.win32_1.0.0.202411081344/tools/bin/../lib/gcc/arm-none-eabi/13.3.1/../../../../arm-none-eabi/lib/thumb/v7e-m+dp/hard\libc_nano.a(libc_a-findfp.o)
                              C:/ST/STM32CubeIDE_1.19.0/STM32CubeIDE/plugins/com.st.stm32cube.ide.mcu.externaltools.gnu-tools-for-stm32.13.3.rel1.win32_1.0.0.202411081344/tools/bin/../lib/gcc/arm-none-eabi/13.3.1/../../../../arm-none-eabi/lib/thumb/v7e-m+dp/hard\libc_nano.a(libc_a-exit.o) (__stdio_exit_handler)
C:/ST/STM32CubeIDE_1.19.0/STM32CubeIDE/plugins/com.st.stm32cube.ide.mcu.externaltools.gnu-tools-for-stm32.13.3.rel1.win32_1.0.0.202411081344/tools/bin/../lib/gcc/arm-none-eabi/13.3.1/../../../../arm-none-eabi/lib/thumb/v7e-m+dp/hard\libc_nano.a(libc_a-fwalk.o)
                              C:/ST/STM32CubeIDE_1.19.0/STM32CubeIDE/plugins/com.st.stm32cube.ide.mcu.externaltools.gnu-tools-for-stm32.13.3.rel1.win32_1.0.0.202411081344/tools/bin/../lib/gcc/arm-none-eabi/13.3.1/../../../../arm-none-eabi/lib/thumb/v7e-m+dp/hard\libc_nano.a(libc_a-findfp.o) (_fwalk_sglue)
C:/ST/STM32CubeIDE_1.19.0/STM32CubeIDE/plugins/com.st.stm32cube.ide.mcu.externaltools.gnu-tools-for-stm32.13.3.rel1.win32_1.0.0.202411081344/tools/bin/../lib/gcc/arm-none-eabi/13.3.1/../../../../arm-none-eabi/lib/thumb/v7e-m+dp/hard\libc_nano.a(libc_a-printf.o)
                              ./LWIP/Target/ethernetif.o (printf)
C:/ST/STM32CubeIDE_1.19.0/STM32CubeIDE/plugins/com.st.stm32cube.ide.mcu.externaltools.gnu-tools-for-stm32.13.3.rel1.win32_1.0.0.202411081344/tools/bin/../lib/gcc/arm-none-eabi/13.3.1/../../../../arm-none-eabi/lib/thumb/v7e-m+dp/hard\libc_nano.a(libc_a-stdio.o)
                              C:/ST/STM32CubeIDE_1.19.0/STM32CubeIDE/plugins/com.st.stm32cube.ide.mcu.externaltools.gnu-tools-for-stm32.13.3.rel1.win32_1.0.0.202411081344/tools/bin/../lib/gcc/arm-none-eabi/13.3.1/../../../../arm-none-eabi/lib/thumb/v7e-m+dp/hard\libc_nano.a(libc_a-findfp.o) (__sread)
C:/ST/STM32CubeIDE_1.19.0/STM32CubeIDE/plugins/com.st.stm32cube.ide.mcu.externaltools.gnu-tools-for-stm32.13.3.rel1.win32_1.0.0.202411081344/tools/bin/../lib/gcc/arm-none-eabi/13.3.1/../../../../arm-none-eabi/lib/thumb/v7e-m+dp/hard\libc_nano.a(libc_a-memcmp.o)
                              ./Middlewares/Third_Party/LwIP/src/netif/bridgeif_fdb.o (memcmp)
C:/ST/STM32CubeIDE_1.19.0/STM32CubeIDE/plugins/com.st.stm32cube.ide.mcu.externaltools.gnu-tools-for-stm32.13.3.rel1.win32_1.0.0.202411081344/tools/bin/../lib/gcc/arm-none-eabi/13.3.1/../../../../arm-none-eabi/lib/thumb/v7e-m+dp/hard\libc_nano.a(libc_a-memmove.o)
                              ./Middlewares/Third_Party/LwIP/src/core/def.o (memmove)
[...]
Memory Configuration

Name             Origin             Length             Attributes
RAM              0x20000000         0x00080000         xrw
FLASH            0x08000000         0x00200000         xr
*default*        0x00000000         0xffffffff

Linker script and memory map

LOAD C:/ST/STM32CubeIDE_1.19.0/STM32CubeIDE/plugins/com.st.stm32cube.ide.mcu.externaltools.gnu-tools-for-stm32.13.3.rel1.win32_1.0.0.202411081344/tools/bin/../lib/gcc/arm-none-eabi/13.3.1/thumb/v7e-m+dp/hard/crti.o
LOAD C:/ST/STM32CubeIDE_1.19.0/STM32CubeIDE/plugins/com.st.stm32cube.ide.mcu.externaltools.gnu-tools-for-stm32.13.3.rel1.win32_1.0.0.202411081344/tools/bin/../lib/gcc/arm-none-eabi/13.3.1/thumb/v7e-m+dp/hard/crtbegin.o
LOAD C:/ST/STM32CubeIDE_1.19.0/STM32CubeIDE/plugins/com.st.stm32cube.ide.mcu.externaltools.gnu-tools-for-stm32.13.3.rel1.win32_1.0.0.202411081344/tools/bin/../lib/gcc/arm-none-eabi/13.3.1/../../../../arm-none-eabi/lib/thumb/v7e-m+dp/hard/crt0.o
LOAD ./Core/Src/app_main.o
LOAD ./Core/Src/lcd.o
LOAD ./Core/Src/main.o
LOAD ./Core/Src/stm32f7xx_hal_msp.o
LOAD ./Core/Src/stm32f7xx_it.o
LOAD ./Core/Src/syscalls.o
LOAD ./Core/Src/sysmem.o
LOAD ./Core/Src/system_stm32f7xx.o
LOAD ./Core/Startup/startup_stm32f767zitx.o
LOAD ./Drivers/BSP/Components/lan8742/lan8742.o
LOAD ./Drivers/STM32F7xx_HAL_Driver/Src/stm32f7xx_hal.o
LOAD ./Drivers/STM32F7xx_HAL_Driver/Src/stm32f7xx_hal_cortex.o
LOAD ./Drivers/STM32F7xx_HAL_Driver/Src/stm32f7xx_hal_dma.o
LOAD ./Drivers/STM32F7xx_HAL_Driver/Src/stm32f7xx_hal_dma_ex.o
LOAD ./Drivers/STM32F7xx_HAL_Driver/Src/stm32f7xx_hal_eth.o
LOAD ./Drivers/STM32F7xx_HAL_Driver/Src/stm32f7xx_hal_exti.o
LOAD ./Drivers/STM32F7xx_HAL_Driver/Src/stm32f7xx_hal_flash.o
LOAD ./Drivers/STM32F7xx_HAL_Driver/Src/stm32f7xx_hal_flash_ex.o
LOAD ./Drivers/STM32F7xx_HAL_Driver/Src/stm32f7xx_hal_gpio.o
LOAD ./Drivers/STM32F7xx_HAL_Driver/Src/stm32f7xx_hal_i2c.o
LOAD ./Drivers/STM32F7xx_HAL_Driver/Src/stm32f7xx_hal_i2c_ex.o
LOAD ./Drivers/STM32F7xx_HAL_Driver/Src/stm32f7xx_hal_pcd.o
LOAD ./Drivers/STM32F7xx_HAL_Driver/Src/stm32f7xx_hal_pcd_ex.o
LOAD ./Drivers/STM32F7xx_HAL_Driver/Src/stm32f7xx_hal_pwr.o
LOAD ./Drivers/STM32F7xx_HAL_Driver/Src/stm32f7xx_hal_pwr_ex.o
LOAD ./Drivers/STM32F7xx_HAL_Driver/Src/stm32f7xx_hal_rcc.o
LOAD ./Drivers/STM32F7xx_HAL_Driver/Src/stm32f7xx_hal_rcc_ex.o
LOAD ./Drivers/STM32F7xx_HAL_Driver/Src/stm32f7xx_hal_spi.o
LOAD ./Drivers/STM32F7xx_HAL_Driver/Src/stm32f7xx_hal_spi_ex.o
LOAD ./Drivers/STM32F7xx_HAL_Driver/Src/stm32f7xx_hal_uart.o
LOAD ./Drivers/STM32F7xx_HAL_Driver/Src/stm32f7xx_hal_uart_ex.o
LOAD ./Drivers/STM32F7xx_HAL_Driver/Src/stm32f7xx_ll_usb.o
LOAD ./LWIP/App/lwip.o
LOAD ./LWIP/Target/ethernetif.o
LOAD ./Middlewares/Third_Party/LwIP/src/api/api_lib.o
LOAD ./Middlewares/Third_Party/LwIP/src/api/api_msg.o
LOAD ./Middlewares/Third_Party/LwIP/src/api/err.o
LOAD ./Middlewares/Third_Party/LwIP/src/api/if_api.o
LOAD ./Middlewares/Third_Party/LwIP/src/api/netbuf.o
LOAD ./Middlewares/Third_Party/LwIP/src/api/netdb.o
LOAD ./Middlewares/Third_Party/LwIP/src/api/netifapi.o
LOAD ./Middlewares/Third_Party/LwIP/src/api/sockets.o
LOAD ./Middlewares/Third_Party/LwIP/src/api/tcpip.o
LOAD ./Middlewares/Third_Party/LwIP/src/apps/mqtt/mqtt.o
LOAD ./Middlewares/Third_Party/LwIP/src/core/altcp.o
LOAD ./Middlewares/Third_Party/LwIP/src/core/altcp_alloc.o
LOAD ./Middlewares/Third_Party/LwIP/src/core/altcp_tcp.o
LOAD ./Middlewares/Third_Party/LwIP/src/core/def.o
LOAD ./Middlewares/Third_Party/LwIP/src/core/dns.o
LOAD ./Middlewares/Third_Party/LwIP/src/core/inet_chksum.o
LOAD ./Middlewares/Third_Party/LwIP/src/core/init.o
LOAD ./Middlewares/Third_Party/LwIP/src/core/ip.o
LOAD ./Middlewares/Third_Party/LwIP/src/core/mem.o
LOAD ./Middlewares/Third_Party/LwIP/src/core/memp.o
LOAD ./Middlewares/Third_Party/LwIP/src/core/netif.o
LOAD ./Middlewares/Third_Party/LwIP/src/core/pbuf.o
LOAD ./Middlewares/Third_Party/LwIP/src/core/raw.o
LOAD ./Middlewares/Third_Party/LwIP/src/core/stats.o
LOAD ./Middlewares/Third_Party/LwIP/src/core/sys.o
LOAD ./Middlewares/Third_Party/LwIP/src/core/tcp.o
LOAD ./Middlewares/Third_Party/LwIP/src/core/tcp_in.o
LOAD ./Middlewares/Third_Party/LwIP/src/core/tcp_out.o
LOAD ./Middlewares/Third_Party/LwIP/src/core/timeouts.o
LOAD ./Middlewares/Third_Party/LwIP/src/core/udp.o
LOAD ./Middlewares/Third_Party/LwIP/src/core/ipv4/autoip.o
LOAD ./Middlewares/Third_Party/LwIP/src/core/ipv4/dhcp.o
LOAD ./Middlewares/Third_Party/LwIP/src/core/ipv4/etharp.o
LOAD ./Middlewares/Third_Party/LwIP/src/core/ipv4/icmp.o
LOAD ./Middlewares/Third_Party/LwIP/src/core/ipv4/igmp.o
LOAD ./Middlewares/Third_Party/LwIP/src/core/ipv4/ip4.o
LOAD ./Middlewares/Third_Party/LwIP/src/core/ipv4/ip4_addr.o
LOAD ./Middlewares/Third_Party/LwIP/src/core/ipv4/ip4_frag.o
LOAD ./Middlewares/Third_Party/LwIP/src/core/ipv6/dhcp6.o
LOAD ./Middlewares/Third_Party/LwIP/src/core/ipv6/ethip6.o
LOAD ./Middlewares/Third_Party/LwIP/src/core/ipv6/icmp6.o
LOAD ./Middlewares/Third_Party/LwIP/src/core/ipv6/inet6.o
LOAD ./Middlewares/Third_Party/LwIP/src/core/ipv6/ip6.o
LOAD ./Middlewares/Third_Party/LwIP/src/core/ipv6/ip6_addr.o
LOAD ./Middlewares/Third_Party/LwIP/src/core/ipv6/ip6_frag.o
LOAD ./Middlewares/Third_Party/LwIP/src/core/ipv6/mld6.o
LOAD ./Middlewares/Third_Party/LwIP/src/core/ipv6/nd6.o
LOAD ./Middlewares/Third_Party/LwIP/src/netif/bridgeif.o
LOAD ./Middlewares/Third_Party/LwIP/src/netif/bridgeif_fdb.o
LOAD ./Middlewares/Third_Party/LwIP/src/netif/ethernet.o
LOAD ./Middlewares/Third_Party/LwIP/src/netif/lowpan6.o
LOAD ./Middlewares/Third_Party/LwIP/src/netif/lowpan6_ble.o
LOAD ./Middlewares/Third_Party/LwIP/src/netif/lowpan6_common.o
LOAD ./Middlewares/Third_Party/LwIP/src/netif/slipif.o
LOAD ./Middlewares/Third_Party/LwIP/src/netif/zepif.o
LOAD ./Middlewares/Third_Party/LwIP/src/netif/ppp/auth.o
LOAD ./Middlewares/Third_Party/LwIP/src/netif/ppp/ccp.o
LOAD ./Middlewares/Third_Party/LwIP/src/netif/ppp/chap-md5.o
LOAD ./Middlewares/Third_Party/LwIP/src/netif/ppp/chap-new.o
LOAD ./Middlewares/Third_Party/LwIP/src/netif/ppp/chap_ms.o
LOAD ./Middlewares/Third_Party/LwIP/src/netif/ppp/demand.o
LOAD ./Middlewares/Third_Party/LwIP/src/netif/ppp/eap.o
LOAD ./Middlewares/Third_Party/LwIP/src/netif/ppp/ecp.o
LOAD ./Middlewares/Third_Party/LwIP/src/netif/ppp/eui64.o
LOAD ./Middlewares/Third_Party/LwIP/src/netif/ppp/fsm.o
LOAD ./Middlewares/Third_Party/LwIP/src/netif/ppp/ipcp.o
LOAD ./Middlewares/Third_Party/LwIP/src/netif/ppp/ipv6cp.o
LOAD ./Middlewares/Third_Party/LwIP/src/netif/ppp/lcp.o
LOAD ./Middlewares/Third_Party/LwIP/src/netif/ppp/magic.o
LOAD ./Middlewares/Third_Party/LwIP/src/netif/ppp/mppe.o
LOAD ./Middlewares/Third_Party/LwIP/src/netif/ppp/multilink.o
LOAD ./Middlewares/Third_Party/LwIP/src/netif/ppp/ppp.o
LOAD ./Middlewares/Third_Party/LwIP/src/netif/ppp/pppapi.o
LOAD ./Middlewares/Third_Party/LwIP/src/netif/ppp/pppcrypt.o
LOAD ./Middlewares/Third_Party/LwIP/src/netif/ppp/pppoe.o
LOAD ./Middlewares/Third_Party/LwIP/src/netif/ppp/pppol2tp.o
LOAD ./Middlewares/Third_Party/LwIP/src/netif/ppp/pppos.o
LOAD ./Middlewares/Third_Party/LwIP/src/netif/ppp/upap.o
LOAD ./Middlewares/Third_Party/LwIP/src/netif/ppp/utils.o
LOAD ./Middlewares/Third_Party/LwIP/src/netif/ppp/vj.o
START GROUP
LOAD C:/ST/STM32CubeIDE_1.19.0/STM32CubeIDE/plugins/com.st.stm32cube.ide.mcu.externaltools.gnu-tools-for-stm32.13.3.rel1.win32_1.0.0.202411081344/tools/bin/../lib/gcc/arm-none-eabi/13.3.1/../../../../arm-none-eabi/lib/thumb/v7e-m+dp/hard\libc_nano.a
LOAD C:/ST/STM32CubeIDE_1.19.0/STM32CubeIDE/plugins/com.st.stm32cube.ide.mcu.externaltools.gnu-tools-for-stm32.13.3.rel1.win32_1.0.0.202411081344/tools/bin/../lib/gcc/arm-none-eabi/13.3.1/../../../../arm-none-eabi/lib/thumb/v7e-m+dp/hard\libm.a
END GROUP
START GROUP
LOAD C:/ST/STM32CubeIDE_1.19.0/STM32CubeIDE/plugins/com.st.stm32cube.ide.mcu.externaltools.gnu-tools-for-stm32.13.3.rel1.win32_1.0.0.202411081344/tools/bin/../lib/gcc/arm-none-eabi/13.3.1/thumb/v7e-m+dp/hard\libgcc.a
LOAD C:/ST/STM32CubeIDE_1.19.0/STM32CubeIDE/plugins/com.st.stm32cube.ide.mcu.externaltools.gnu-tools-for-stm32.13.3.rel1.win32_1.0.0.202411081344/tools/bin/../lib/gcc/arm-none-eabi/13.3.1/../../../../arm-none-eabi/lib/thumb/v7e-m+dp/hard\libc_nano.a
END GROUP
START GROUP
LOAD C:/ST/STM32CubeIDE_1.19.0/STM32CubeIDE/plugins/com.st.stm32cube.ide.mcu.externaltools.gnu-tools-for-stm32.13.3.rel1.win32_1.0.0.202411081344/tools/bin/../lib/gcc/arm-none-eabi/13.3.1/thumb/v7e-m+dp/hard\libgcc.a
LOAD C:/ST/STM32CubeIDE_1.19.0/STM32CubeIDE/plugins/com.st.stm32cube.ide.mcu.externaltools.gnu-tools-for-stm32.13.3.rel1.win32_1.0.0.202411081344/tools/bin/../lib/gcc/arm-none-eabi/13.3.1/../../../../arm-none-eabi/lib/thumb/v7e-m+dp/hard\libc_nano.a
LOAD C:/ST/STM32CubeIDE_1.19.0/STM32CubeIDE/plugins/com.st.stm32cube.ide.mcu.externaltools.gnu-tools-for-stm32.13.3.rel1.win32_1.0.0.202411081344/tools/bin/../lib/gcc/arm-none-eabi/13.3.1/../../../../arm-none-eabi/lib/thumb/v7e-m+dp/hard\libnosys.a
END GROUP
START GROUP
LOAD C:/ST/STM32CubeIDE_1.19.0/STM32CubeIDE/plugins/com.st.stm32cube.ide.mcu.externaltools.gnu-tools-for-stm32.13.3.rel1.win32_1.0.0.202411081344/tools/bin/../lib/gcc/arm-none-eabi/13.3.1/thumb/v7e-m+dp/hard\libgcc.a
LOAD C:/ST/STM32CubeIDE_1.19.0/STM32CubeIDE/plugins/com.st.stm32cube.ide.mcu.externaltools.gnu-tools-for-stm32.13.3.rel1.win32_1.0.0.202411081344/tools/bin/../lib/gcc/arm-none-eabi/13.3.1/../../../../arm-none-eabi/lib/thumb/v7e-m+dp/hard\libc_nano.a
LOAD C:/ST/STM32CubeIDE_1.19.0/STM32CubeIDE/plugins/com.st.stm32cube.ide.mcu.externaltools.gnu-tools-for-stm32.13.3.rel1.win32_1.0.0.202411081344/tools/bin/../lib/gcc/arm-none-eabi/13.3.1/../../../../arm-none-eabi/lib/thumb/v7e-m+dp/hard\libnosys.a
END GROUP
LOAD C:/ST/STM32CubeIDE_1.19.0/STM32CubeIDE/plugins/com.st.stm32cube.ide.mcu.externaltools.gnu-tools-for-stm32.13.3.rel1.win32_1.0.0.202411081344/tools/bin/../lib/gcc/arm-none-eabi/13.3.1/thumb/v7e-m+dp/hard/crtend.o
LOAD C:/ST/STM32CubeIDE_1.19.0/STM32CubeIDE/plugins/com.st.stm32cube.ide.mcu.externaltools.gnu-tools-for-stm32.13.3.rel1.win32_1.0.0.202411081344/tools/bin/../lib/gcc/arm-none-eabi/13.3.1/thumb/v7e-m+dp/hard/crtn.o
                0x20080000                        _estack = (ORIGIN (RAM) + LENGTH (RAM))
                0x00000200                        _Min_Heap_Size = 0x200
                0x00000400                        _Min_Stack_Size = 0x400

.isr_vector     0x08000000      0x1f8
                0x08000000                        . = ALIGN (0x4)
 *(.isr_vector)
 .isr_vector    0x08000000      0x1f8 ./Core/Startup/startup_stm32f767zitx.o
                0x08000000                g_pfnVectors
                0x080001f8                        . = ALIGN (0x4)

.text           0x08000200     0x9cbc
                0x08000200                        . = ALIGN (0x4)
 *(.text)
 .text          0x08000200       0x40 C:/ST/STM32CubeIDE_1.19.0/STM32CubeIDE/plugins/com.st.stm32cube.ide.mcu.externaltools.gnu-tools-for-stm32.13.3.rel1.win32_1.0.0.202411081344/tools/bin/../lib/gcc/arm-none-eabi/13.3.1/thumb/v7e-m+dp/hard/crtbegin.o
 .text          0x08000240       0xa0 C:/ST/STM32CubeIDE_1.19.0/STM32CubeIDE/plugins/com.st.stm32cube.ide.mcu.externaltools.gnu-tools-for-stm32.13.3.rel1.win32_1.0.0.202411081344/tools/bin/../lib/gcc/arm-none-eabi/13.3.1/../../../../arm-none-eabi/lib/thumb/v7e-m+dp/hard\libc_nano.a(libc_a-memchr.o)
                0x08000240                memchr
 .text          0x080002e0       0x30 C:/ST/STM32CubeIDE_1.19.0/STM32CubeIDE/plugins/com.st.stm32cube.ide.mcu.externaltools.gnu-tools-for-stm32.13.3.rel1.win32_1.0.0.202411081344/tools/bin/../lib/gcc/arm-none-eabi/13.3.1/thumb/v7e-m+dp/hard\libgcc.a(_aeabi_uldivmod.o)
                0x080002e0                __aeabi_uldivmod
 .text          0x08000310      0x2f8 C:/ST/STM32CubeIDE_1.19.0/STM32CubeIDE/plugins/com.st.stm32cube.ide.mcu.externaltools.gnu-tools-for-stm32.13.3.rel1.win32_1.0.0.202411081344/tools/bin/../lib/gcc/arm-none-eabi/13.3.1/thumb/v7e-m+dp/hard\libgcc.a(_udivmoddi4.o)
                0x08000310                __udivmoddi4
 .text          0x08000608        0x4 C:/ST/STM32CubeIDE_1.19.0/STM32CubeIDE/plugins/com.st.stm32cube.ide.mcu.externaltools.gnu-tools-for-stm32.13.3.rel1.win32_1.0.0.202411081344/tools/bin/../lib/gcc/arm-none-eabi/13.3.1/thumb/v7e-m+dp/hard\libgcc.a(_dvmd_tls.o)
                0x08000608                __aeabi_idiv0
                0x08000608                __aeabi_ldiv0
 *(.text*)
 .text.AppMain  0x0800060c        0xe ./Core/Src/app_main.o
                0x0800060c                AppMain
 *fill*         0x0800061a        0x2 
 .text.lcd_transfer
                0x0800061c       0x58 ./Core/Src/lcd.o
                0x0800061c                lcd_transfer
 .text.lcd_ON   0x08000674        0x6 ./Core/Src/lcd.o
                0x08000674                lcd_ON
 .text.lcd_OFF  0x0800067a        0x6 ./Core/Src/lcd.o
                0x0800067a                lcd_OFF
 .text.SystemClock_Config
                0x08000680       0xac ./Core/Src/main.o
                0x08000680                SystemClock_Config
 .text.startup.main
                0x0800072c      0x230 ./Core/Src/main.o
                0x0800072c                main
 .text.Error_Handler
                0x0800095c        0x4 ./Core/Src/main.o
                0x0800095c                Error_Handler
 .text.HAL_MspInit
                0x08000960       0x30 ./Core/Src/stm32f7xx_hal_msp.o
                0x08000960                HAL_MspInit
 .text.HAL_SPI_MspInit
                0x08000990       0x68 ./Core/Src/stm32f7xx_hal_msp.o
                0x08000990                HAL_SPI_MspInit
 .text.HAL_UART_MspInit
                0x080009f8       0x88 ./Core/Src/stm32f7xx_hal_msp.o
                0x080009f8                HAL_UART_MspInit
 .text.HAL_PCD_MspInit
                0x08000a80       0xa8 ./Core/Src/stm32f7xx_hal_msp.o
                0x08000a80                HAL_PCD_MspInit
 .text.NMI_Handler
                0x08000b28        0x2 ./Core/Src/stm32f7xx_it.o
                0x08000b28                NMI_Handler
 .text.HardFault_Handler
                0x08000b2a        0x2 ./Core/Src/stm32f7xx_it.o
                0x08000b2a                HardFault_Handler
 .text.MemManage_Handler
                0x08000b2c        0x2 ./Core/Src/stm32f7xx_it.o
                0x08000b2c                MemManage_Handler
 .text.BusFault_Handler
                0x08000b2e        0x2 ./Core/Src/stm32f7xx_it.o
                0x08000b2e                BusFault_Handler
 .text.UsageFault_Handler
                0x08000b30        0x2 ./Core/Src/stm32f7xx_it.o
                0x08000b30                UsageFault_Handler
 .text.SVC_Handler
                0x08000b32        0x2 ./Core/Src/stm32f7xx_it.o
                0x08000b32                SVC_Handler
 .text.DebugMon_Handler
                0x08000b34        0x2 ./Core/Src/stm32f7xx_it.o
                0x08000b34                DebugMon_Handler
 .text.PendSV_Handler
                0x08000b36        0x2 ./Core/Src/stm32f7xx_it.o
                0x08000b36                PendSV_Handler
 .text.SysTick_Handler
                0x08000b38        0x4 ./Core/Src/stm32f7xx_it.o
                0x08000b38                SysTick_Handler
 .text._getpid  0x08000b3c        0x4 ./Core/Src/syscalls.o
                0x08000b3c                _getpid
 .text._kill    0x08000b40       0x10 ./Core/Src/syscalls.o
                0x08000b40                _kill
 .text._exit    0x08000b50        0xc ./Core/Src/syscalls.o
                0x08000b50                _exit
 .text._read    0x08000b5c       0x1c ./Core/Src/syscalls.o
                0x08000b5c                _read
 .text._write   0x08000b78       0x1c ./Core/Src/syscalls.o
                0x08000b78                _write
 .text._close   0x08000b94        0x6 ./Core/Src/syscalls.o
                0x08000b94                _close
 .text._fstat   0x08000b9a        0xa ./Core/Src/syscalls.o
                0x08000b9a                _fstat
 .text._isatty  0x08000ba4        0x4 ./Core/Src/syscalls.o
                0x08000ba4                _isatty
 .text._lseek   0x08000ba8        0x4 ./Core/Src/syscalls.o
                0x08000ba8                _lseek
 .text._sbrk    0x08000bac       0x40 ./Core/Src/sysmem.o
                0x08000bac                _sbrk
 .text.SystemInit
                0x08000bec       0x14 ./Core/Src/system_stm32f7xx.o
                0x08000bec                SystemInit
 .text.Reset_Handler
                0x08000c00       0x50 ./Core/Startup/startup_stm32f767zitx.o
                0x08000c00                Reset_Handler
 .text.Default_Handler
                0x08000c50        0x2 ./Core/Startup/startup_stm32f767zitx.o
                0x08000c50                RTC_Alarm_IRQHandler
                0x08000c50                EXTI2_IRQHandler
                0x08000c50                TIM8_CC_IRQHandler
                0x08000c50                UART8_IRQHandler
                0x08000c50                SPI4_IRQHandler
                0x08000c50                TIM1_CC_IRQHandler
                0x08000c50                DMA2_Stream5_IRQHandler
                0x08000c50                JPEG_IRQHandler
                0x08000c50                DMA1_Stream5_IRQHandler
                0x08000c50                CAN3_RX1_IRQHandler
                0x08000c50                PVD_IRQHandler
                0x08000c50                TAMP_STAMP_IRQHandler
                0x08000c50                CAN2_RX1_IRQHandler
                0x08000c50                EXTI3_IRQHandler
                0x08000c50                TIM8_TRG_COM_TIM14_IRQHandler
                0x08000c50                DFSDM1_FLT1_IRQHandler
                0x08000c50                TIM1_UP_TIM10_IRQHandler
                0x08000c50                TIM8_UP_TIM13_IRQHandler
                0x08000c50                I2C3_ER_IRQHandler
                0x08000c50                DFSDM1_FLT2_IRQHandler
                0x08000c50                EXTI0_IRQHandler
                0x08000c50                I2C2_EV_IRQHandler
                0x08000c50                DMA1_Stream2_IRQHandler
                0x08000c50                CAN1_RX0_IRQHandler
                0x08000c50                FPU_IRQHandler
                0x08000c50                OTG_HS_WKUP_IRQHandler
                0x08000c50                CAN3_SCE_IRQHandler
                0x08000c50                LTDC_ER_IRQHandler
                0x08000c50                CAN2_SCE_IRQHandler
                0x08000c50                DMA2_Stream2_IRQHandler
                0x08000c50                SPI1_IRQHandler
                0x08000c50                TIM6_DAC_IRQHandler
                0x08000c50                TIM1_BRK_TIM9_IRQHandler
                0x08000c50                DCMI_IRQHandler
                0x08000c50                CAN2_RX0_IRQHandler
                0x08000c50                DMA2_Stream3_IRQHandler
                0x08000c50                SAI2_IRQHandler
                0x08000c50                DFSDM1_FLT3_IRQHandler
                0x08000c50                USART6_IRQHandler
                0x08000c50                CAN3_RX0_IRQHandler
                0x08000c50                USART3_IRQHandler
                0x08000c50                CAN1_RX1_IRQHandler
                0x08000c50                UART5_IRQHandler
                0x08000c50                DMA2_Stream0_IRQHandler
                0x08000c50                TIM4_IRQHandler
                0x08000c50                QUADSPI_IRQHandler
                0x08000c50                I2C1_EV_IRQHandler
                0x08000c50                DMA1_Stream6_IRQHandler
                0x08000c50                DMA1_Stream1_IRQHandler
                0x08000c50                UART4_IRQHandler
                0x08000c50                TIM3_IRQHandler
                0x08000c50                RCC_IRQHandler
                0x08000c50                TIM8_BRK_TIM12_IRQHandler
                0x08000c50                Default_Handler
                0x08000c50                CEC_IRQHandler
                0x08000c50                EXTI15_10_IRQHandler
                0x08000c50                ADC_IRQHandler
                0x08000c50                DMA1_Stream7_IRQHandler
                0x08000c50                SPI5_IRQHandler
                0x08000c50                TIM7_IRQHandler
                0x08000c50                SDMMC1_IRQHandler
                0x08000c50                CAN2_TX_IRQHandler
                0x08000c50                TIM5_IRQHandler
                0x08000c50                DMA2_Stream7_IRQHandler
                0x08000c50                I2C3_EV_IRQHandler
                0x08000c50                EXTI9_5_IRQHandler
                0x08000c50                RTC_WKUP_IRQHandler
                0x08000c50                LTDC_IRQHandler
                0x08000c50                ETH_WKUP_IRQHandler
                0x08000c50                SPDIF_RX_IRQHandler
                0x08000c50                SPI2_IRQHandler
                0x08000c50                OTG_HS_EP1_IN_IRQHandler
                0x08000c50                DMA1_Stream0_IRQHandler
                0x08000c50                CAN1_TX_IRQHandler
                0x08000c50                EXTI4_IRQHandler
                0x08000c50                RNG_IRQHandler
                0x08000c50                ETH_IRQHandler
                0x08000c50                OTG_HS_EP1_OUT_IRQHandler
                0x08000c50                WWDG_IRQHandler
                0x08000c50                SPI6_IRQHandler
                0x08000c50                MDIOS_IRQHandler
                0x08000c50                I2C4_EV_IRQHandler
                0x08000c50                CAN3_TX_IRQHandler
                0x08000c50                TIM2_IRQHandler
                0x08000c50                OTG_FS_WKUP_IRQHandler
                0x08000c50                TIM1_TRG_COM_TIM11_IRQHandler
                0x08000c50                OTG_HS_IRQHandler
                0x08000c50                DMA2D_IRQHandler
                0x08000c50                EXTI1_IRQHandler
                0x08000c50                SDMMC2_IRQHandler
                0x08000c50                UART7_IRQHandler
                0x08000c50                USART2_IRQHandler
                0x08000c50                DFSDM1_FLT0_IRQHandler
                0x08000c50                I2C2_ER_IRQHandler
                0x08000c50                DMA2_Stream1_IRQHandler
                0x08000c50                CAN1_SCE_IRQHandler
                0x08000c50                FLASH_IRQHandler
                0x08000c50                DMA2_Stream4_IRQHandler
                0x08000c50                USART1_IRQHandler
                0x08000c50                OTG_FS_IRQHandler
                0x08000c50                SPI3_IRQHandler
                0x08000c50                DMA1_Stream4_IRQHandler
                0x08000c50                I2C1_ER_IRQHandler
                0x08000c50                FMC_IRQHandler
                0x08000c50                LPTIM1_IRQHandler
                0x08000c50                I2C4_ER_IRQHandler
                0x08000c50                DMA2_Stream6_IRQHandler
                0x08000c50                SAI1_IRQHandler
                0x08000c50                DMA1_Stream3_IRQHandler
 .text.LAN8742_RegisterBusIO
                0x08000c52       0x28 ./Drivers/BSP/Components/lan8742/lan8742.o
                0x08000c52                LAN8742_RegisterBusIO
 .text.LAN8742_Init
                0x08000c7a       0x5a ./Drivers/BSP/Components/lan8742/lan8742.o
                0x08000c7a                LAN8742_Init
 .text.LAN8742_GetLinkState
                0x08000cd4       0x94 ./Drivers/BSP/Components/lan8742/lan8742.o
                0x08000cd4                LAN8742_GetLinkState
 .text.HAL_InitTick
                0x08000d68       0x48 ./Drivers/STM32F7xx_HAL_Driver/Src/stm32f7xx_hal.o
                0x08000d68                HAL_InitTick
 .text.HAL_Init
                0x08000db0       0x16 ./Drivers/STM32F7xx_HAL_Driver/Src/stm32f7xx_hal.o
                0x08000db0                HAL_Init
 *fill*         0x08000dc6        0x2 
 .text.HAL_IncTick
                0x08000dc8       0x18 ./Drivers/STM32F7xx_HAL_Driver/Src/stm32f7xx_hal.o
                0x08000dc8                HAL_IncTick
 .text.HAL_GetTick
                0x08000de0        0xc ./Drivers/STM32F7xx_HAL_Driver/Src/stm32f7xx_hal.o
                0x08000de0                HAL_GetTick
 .text.HAL_Delay
                0x08000dec       0x24 ./Drivers/STM32F7xx_HAL_Driver/Src/stm32f7xx_hal.o
                0x08000dec                HAL_Delay
 .text.HAL_NVIC_SetPriorityGrouping
                0x08000e10       0x24 ./Drivers/STM32F7xx_HAL_Driver/Src/stm32f7xx_hal_cortex.o
                0x08000e10                HAL_NVIC_SetPriorityGrouping
 .text.HAL_NVIC_SetPriority
                0x08000e34       0x64 ./Drivers/STM32F7xx_HAL_Driver/Src/stm32f7xx_hal_cortex.o
                0x08000e34                HAL_NVIC_SetPriority
 .text.HAL_SYSTICK_Config
                0x08000e98       0x28 ./Drivers/STM32F7xx_HAL_Driver/Src/stm32f7xx_hal_cortex.o
                0x08000e98                HAL_SYSTICK_Config
 .text.HAL_MPU_Disable
                0x08000ec0       0x1c ./Drivers/STM32F7xx_HAL_Driver/Src/stm32f7xx_hal_cortex.o
                0x08000ec0                HAL_MPU_Disable
 .text.HAL_MPU_Enable
                0x08000edc       0x20 ./Drivers/STM32F7xx_HAL_Driver/Src/stm32f7xx_hal_cortex.o
                0x08000edc                HAL_MPU_Enable
 .text.HAL_MPU_ConfigRegion
                0x08000efc       0x58 ./Drivers/STM32F7xx_HAL_Driver/Src/stm32f7xx_hal_cortex.o
                0x08000efc                HAL_MPU_ConfigRegion
 .text.ETH_Prepare_Tx_Descriptors
                0x08000f54      0x164 ./Drivers/STM32F7xx_HAL_Driver/Src/stm32f7xx_hal_eth.o
 .text.ETH_SetMACConfig
                0x080010b8       0xec ./Drivers/STM32F7xx_HAL_Driver/Src/stm32f7xx_hal_eth.o
 .text.ETH_SetDMAConfig
                0x080011a4       0xa4 ./Drivers/STM32F7xx_HAL_Driver/Src/stm32f7xx_hal_eth.o
 .text.ETH_FlushTransmitFIFO
                0x08001248       0x2e ./Drivers/STM32F7xx_HAL_Driver/Src/stm32f7xx_hal_eth.o
 *fill*         0x08001276        0x2 
 .text.ETH_UpdateDescriptor
                0x08001278       0x8c ./Drivers/STM32F7xx_HAL_Driver/Src/stm32f7xx_hal_eth.o
 .text.HAL_ETH_Init
                0x08001304      0x1f8 ./Drivers/STM32F7xx_HAL_Driver/Src/stm32f7xx_hal_eth.o
                0x08001304                HAL_ETH_Init
 .text.HAL_ETH_Start
                0x080014fc       0x6e ./Drivers/STM32F7xx_HAL_Driver/Src/stm32f7xx_hal_eth.o
                0x080014fc                HAL_ETH_Start
 .text.HAL_ETH_Stop
                0x0800156a       0x66 ./Drivers/STM32F7xx_HAL_Driver/Src/stm32f7xx_hal_eth.o
                0x0800156a                HAL_ETH_Stop
 .text.HAL_ETH_Transmit
                0x080015d0       0xae ./Drivers/STM32F7xx_HAL_Driver/Src/stm32f7xx_hal_eth.o
                0x080015d0                HAL_ETH_Transmit
 .text.HAL_ETH_ReadPHYRegister
                0x0800167e       0x4e ./Drivers/STM32F7xx_HAL_Driver/Src/stm32f7xx_hal_eth.o
                0x0800167e                HAL_ETH_ReadPHYRegister
 .text.HAL_ETH_WritePHYRegister
                0x080016cc       0x48 ./Drivers/STM32F7xx_HAL_Driver/Src/stm32f7xx_hal_eth.o
                0x080016cc                HAL_ETH_WritePHYRegister
 .text.HAL_ETH_GetMACConfig
                0x08001714       0xcc ./Drivers/STM32F7xx_HAL_Driver/Src/stm32f7xx_hal_eth.o
                0x08001714                HAL_ETH_GetMACConfig
 .text.HAL_ETH_SetMACConfig
                0x080017e0       0x18 ./Drivers/STM32F7xx_HAL_Driver/Src/stm32f7xx_hal_eth.o
                0x080017e0                HAL_ETH_SetMACConfig
 .text.HAL_ETH_SetMDIOClockRange
                0x080017f8       0x54 ./Drivers/STM32F7xx_HAL_Driver/Src/stm32f7xx_hal_eth.o
                0x080017f8                HAL_ETH_SetMDIOClockRange
 .text.HAL_GPIO_Init
                0x0800184c      0x1c8 ./Drivers/STM32F7xx_HAL_Driver/Src/stm32f7xx_hal_gpio.o
                0x0800184c                HAL_GPIO_Init
 .text.HAL_GPIO_WritePin
                0x08001a14        0xa ./Drivers/STM32F7xx_HAL_Driver/Src/stm32f7xx_hal_gpio.o
                0x08001a14                HAL_GPIO_WritePin
 .text.HAL_PCD_Init
                0x08001a1e       0xe8 ./Drivers/STM32F7xx_HAL_Driver/Src/stm32f7xx_hal_pcd.o
                0x08001a1e                HAL_PCD_Init
 .text.HAL_PCDEx_ActivateLPM
                0x08001b06       0x26 ./Drivers/STM32F7xx_HAL_Driver/Src/stm32f7xx_hal_pcd_ex.o
                0x08001b06                HAL_PCDEx_ActivateLPM
 .text.HAL_PWR_EnableBkUpAccess
                0x08001b2c       0x10 ./Drivers/STM32F7xx_HAL_Driver/Src/stm32f7xx_hal_pwr.o
                0x08001b2c                HAL_PWR_EnableBkUpAccess
 .text.HAL_PWREx_EnableOverDrive
                0x08001b3c       0x70 ./Drivers/STM32F7xx_HAL_Driver/Src/stm32f7xx_hal_pwr_ex.o
                0x08001b3c                HAL_PWREx_EnableOverDrive
 .text.HAL_RCC_OscConfig
                0x08001bac      0x388 ./Drivers/STM32F7xx_HAL_Driver/Src/stm32f7xx_hal_rcc.o
                0x08001bac                HAL_RCC_OscConfig
 .text.HAL_RCC_GetSysClockFreq
                0x08001f34       0x5c ./Drivers/STM32F7xx_HAL_Driver/Src/stm32f7xx_hal_rcc.o
                0x08001f34                HAL_RCC_GetSysClockFreq
 .text.HAL_RCC_ClockConfig
                0x08001f90      0x13c ./Drivers/STM32F7xx_HAL_Driver/Src/stm32f7xx_hal_rcc.o
                0x08001f90                HAL_RCC_ClockConfig
 .text.HAL_RCC_GetHCLKFreq
                0x080020cc        0xc ./Drivers/STM32F7xx_HAL_Driver/Src/stm32f7xx_hal_rcc.o
                0x080020cc                HAL_RCC_GetHCLKFreq
 .text.HAL_RCC_GetPCLK1Freq
                0x080020d8       0x20 ./Drivers/STM32F7xx_HAL_Driver/Src/stm32f7xx_hal_rcc.o
                0x080020d8                HAL_RCC_GetPCLK1Freq
 .text.HAL_RCC_GetPCLK2Freq
                0x080020f8       0x20 ./Drivers/STM32F7xx_HAL_Driver/Src/stm32f7xx_hal_rcc.o
                0x080020f8                HAL_RCC_GetPCLK2Freq
 .text.HAL_RCCEx_PeriphCLKConfig
                0x08002118      0x55c ./Drivers/STM32F7xx_HAL_Driver/Src/stm32f7xx_hal_rcc_ex.o
                0x08002118                HAL_RCCEx_PeriphCLKConfig
 .text.SPI_WaitFlagStateUntilTimeout.constprop.0
                0x08002674       0xa0 ./Drivers/STM32F7xx_HAL_Driver/Src/stm32f7xx_hal_spi.o
 .text.SPI_WaitFifoStateUntilTimeout.constprop.0
                0x08002714       0xc4 ./Drivers/STM32F7xx_HAL_Driver/Src/stm32f7xx_hal_spi.o
 .text.SPI_EndRxTxTransaction
                0x080027d8       0x80 ./Drivers/STM32F7xx_HAL_Driver/Src/stm32f7xx_hal_spi.o
 .text.HAL_SPI_Init
                0x08002858       0xdc ./Drivers/STM32F7xx_HAL_Driver/Src/stm32f7xx_hal_spi.o
                0x08002858                HAL_SPI_Init
 .text.HAL_SPI_Transmit
                0x08002934      0x18c ./Drivers/STM32F7xx_HAL_Driver/Src/stm32f7xx_hal_spi.o
                0x08002934                HAL_SPI_Transmit
 .text.UART_EndRxTransfer
                0x08002ac0       0x50 ./Drivers/STM32F7xx_HAL_Driver/Src/stm32f7xx_hal_uart.o
 .text.UART_SetConfig
                0x08002b10      0x1fc ./Drivers/STM32F7xx_HAL_Driver/Src/stm32f7xx_hal_uart.o
                0x08002b10                UART_SetConfig
 .text.UART_AdvFeatureConfig
                0x08002d0c       0xaa ./Drivers/STM32F7xx_HAL_Driver/Src/stm32f7xx_hal_uart.o
                0x08002d0c                UART_AdvFeatureConfig
 .text.UART_WaitOnFlagUntilTimeout
                0x08002db6       0x90 ./Drivers/STM32F7xx_HAL_Driver/Src/stm32f7xx_hal_uart.o
                0x08002db6                UART_WaitOnFlagUntilTimeout
 .text.UART_CheckIdleState
                0x08002e46       0xb2 ./Drivers/STM32F7xx_HAL_Driver/Src/stm32f7xx_hal_uart.o
                0x08002e46                UART_CheckIdleState
 .text.HAL_UART_Init
                0x08002ef8       0x5c ./Drivers/STM32F7xx_HAL_Driver/Src/stm32f7xx_hal_uart.o
                0x08002ef8                HAL_UART_Init
 .text.USB_CoreReset
                0x08002f54       0x50 ./Drivers/STM32F7xx_HAL_Driver/Src/stm32f7xx_ll_usb.o
 .text.USB_CoreInit
                0x08002fa4       0x7c ./Drivers/STM32F7xx_HAL_Driver/Src/stm32f7xx_ll_usb.o
                0x08002fa4                USB_CoreInit
 .text.USB_DisableGlobalInt
                0x08003020        0xc ./Drivers/STM32F7xx_HAL_Driver/Src/stm32f7xx_ll_usb.o
                0x08003020                USB_DisableGlobalInt
 .text.USB_SetCurrentMode
                0x0800302c       0x5c ./Drivers/STM32F7xx_HAL_Driver/Src/stm32f7xx_ll_usb.o
                0x0800302c                USB_SetCurrentMode
 .text.USB_FlushTxFifo
                0x08003088       0x46 ./Drivers/STM32F7xx_HAL_Driver/Src/stm32f7xx_ll_usb.o
                0x08003088                USB_FlushTxFifo
 .text.USB_FlushRxFifo
                0x080030ce       0x42 ./Drivers/STM32F7xx_HAL_Driver/Src/stm32f7xx_ll_usb.o
                0x080030ce                USB_FlushRxFifo
 .text.USB_SetDevSpeed
                0x08003110        0xe ./Drivers/STM32F7xx_HAL_Driver/Src/stm32f7xx_ll_usb.o
                0x08003110                USB_SetDevSpeed
 *fill*         0x0800311e        0x2 
 .text.USB_DevInit
                0x08003120      0x170 ./Drivers/STM32F7xx_HAL_Driver/Src/stm32f7xx_ll_usb.o
                0x08003120                USB_DevInit
 .text.USB_DevDisconnect
                0x08003290       0x1c ./Drivers/STM32F7xx_HAL_Driver/Src/stm32f7xx_ll_usb.o
                0x08003290                USB_DevDisconnect
 .text.ethernet_link_status_updated
                0x080032ac        0x2 ./LWIP/App/lwip.o
 *fill*         0x080032ae        0x2 
 .text.MX_LWIP_Init
                0x080032b0       0x90 ./LWIP/App/lwip.o
                0x080032b0                MX_LWIP_Init
 .text.ETH_PHY_IO_DeInit
                0x08003340        0x4 ./LWIP/Target/ethernetif.o
                0x08003340                ETH_PHY_IO_DeInit
 .text.low_level_output
                0x08003344       0x60 ./LWIP/Target/ethernetif.o
 .text.pbuf_free_custom
                0x080033a4       0x20 ./LWIP/Target/ethernetif.o
                0x080033a4                pbuf_free_custom
 .text.ETH_PHY_IO_GetTick
                0x080033c4        0x4 ./LWIP/Target/ethernetif.o
                0x080033c4                ETH_PHY_IO_GetTick
 .text.ETH_PHY_IO_Init
                0x080033c8       0x10 ./LWIP/Target/ethernetif.o
                0x080033c8                ETH_PHY_IO_Init
 .text.ETH_PHY_IO_ReadReg
                0x080033d8       0x1c ./LWIP/Target/ethernetif.o
                0x080033d8                ETH_PHY_IO_ReadReg
 .text.ETH_PHY_IO_WriteReg
                0x080033f4       0x1c ./LWIP/Target/ethernetif.o
                0x080033f4                ETH_PHY_IO_WriteReg
 .text.sys_now  0x08003410        0x4 ./LWIP/Target/ethernetif.o
                0x08003410                sys_now
 .text.HAL_ETH_MspInit
                0x08003414      0x10c ./LWIP/Target/ethernetif.o
                0x08003414                HAL_ETH_MspInit
 .text.ethernet_link_check_state
                0x08003520       0x8c ./LWIP/Target/ethernetif.o
                0x08003520                ethernet_link_check_state
 .text.ethernetif_init
                0x080035ac      0x118 ./LWIP/Target/ethernetif.o
                0x080035ac                ethernetif_init
 .text.HAL_ETH_RxAllocateCallback
                0x080036c4       0x44 ./LWIP/Target/ethernetif.o
                0x080036c4                HAL_ETH_RxAllocateCallback
 .text.lwip_htons
                0x08003708        0x6 ./Middlewares/Third_Party/LwIP/src/core/def.o
                0x08003708                lwip_htons
 .text.lwip_htonl
                0x0800370e        0x4 ./Middlewares/Third_Party/LwIP/src/core/def.o
                0x0800370e                lwip_htonl
 .text.lwip_init
                0x08003712       0x1e ./Middlewares/Third_Party/LwIP/src/core/init.o
                0x08003712                lwip_init
 .text.mem_init
                0x08003730       0x4c ./Middlewares/Third_Party/LwIP/src/core/mem.o
                0x08003730                mem_init
 .text.mem_free
                0x0800377c      0x16c ./Middlewares/Third_Party/LwIP/src/core/mem.o
                0x0800377c                mem_free
 .text.mem_trim
                0x080038e8      0x14c ./Middlewares/Third_Party/LwIP/src/core/mem.o
                0x080038e8                mem_trim
 .text.mem_malloc
                0x08003a34      0x134 ./Middlewares/Third_Party/LwIP/src/core/mem.o
                0x08003a34                mem_malloc
 .text.do_memp_free_pool
                0x08003b68       0x30 ./Middlewares/Third_Party/LwIP/src/core/memp.o
 .text.do_memp_malloc_pool.isra.0
                0x08003b98       0x2c ./Middlewares/Third_Party/LwIP/src/core/memp.o
 .text.memp_init_pool
                0x08003bc4       0x26 ./Middlewares/Third_Party/LwIP/src/core/memp.o
                0x08003bc4                memp_init_pool
 *fill*         0x08003bea        0x2 
 .text.memp_init
                0x08003bec       0x1c ./Middlewares/Third_Party/LwIP/src/core/memp.o
                0x08003bec                memp_init
 .text.memp_malloc_pool
                0x08003c08       0x30 ./Middlewares/Third_Party/LwIP/src/core/memp.o
                0x08003c08                memp_malloc_pool
 .text.memp_malloc
                0x08003c38       0x38 ./Middlewares/Third_Party/LwIP/src/core/memp.o
                0x08003c38                memp_malloc
 .text.memp_free_pool
                0x08003c70       0x24 ./Middlewares/Third_Party/LwIP/src/core/memp.o
                0x08003c70                memp_free_pool
 .text.memp_free
                0x08003c94       0x30 ./Middlewares/Third_Party/LwIP/src/core/memp.o
                0x08003c94                memp_free
 .text.netif_null_output_ip4
                0x08003cc4        0x6 ./Middlewares/Third_Party/LwIP/src/core/netif.o
 *fill*         0x08003cca        0x2 
 .text.netif_issue_reports
                0x08003ccc       0x44 ./Middlewares/Third_Party/LwIP/src/core/netif.o
 .text.netif_do_set_ipaddr.isra.0
                0x08003d10       0x34 ./Middlewares/Third_Party/LwIP/src/core/netif.o
 .text.netif_init
                0x08003d44        0x2 ./Middlewares/Third_Party/LwIP/src/core/netif.o
                0x08003d44                netif_init
 *fill*         0x08003d46        0x2 
 .text.netif_set_addr
                0x08003d48       0x58 ./Middlewares/Third_Party/LwIP/src/core/netif.o
                0x08003d48                netif_set_addr
 .text.netif_add
                0x08003da0      0x118 ./Middlewares/Third_Party/LwIP/src/core/netif.o
                0x08003da0                netif_add
 .text.netif_set_default
                0x08003eb8        0xc ./Middlewares/Third_Party/LwIP/src/core/netif.o
                0x08003eb8                netif_set_default
 .text.netif_set_up
                0x08003ec4       0x34 ./Middlewares/Third_Party/LwIP/src/core/netif.o
                0x08003ec4                netif_set_up
 .text.netif_set_down
                0x08003ef8       0x38 ./Middlewares/Third_Party/LwIP/src/core/netif.o
                0x08003ef8                netif_set_down
 .text.netif_set_link_up
                0x08003f30       0x48 ./Middlewares/Third_Party/LwIP/src/core/netif.o
                0x08003f30                netif_set_link_up
 .text.netif_set_link_down
                0x08003f78       0x34 ./Middlewares/Third_Party/LwIP/src/core/netif.o
                0x08003f78                netif_set_link_down
 .text.netif_set_link_callback
                0x08003fac        0x6 ./Middlewares/Third_Party/LwIP/src/core/netif.o
                0x08003fac                netif_set_link_callback
 *fill*         0x08003fb2        0x2 
 .text.netif_get_by_index
                0x08003fb4       0x24 ./Middlewares/Third_Party/LwIP/src/core/netif.o
                0x08003fb4                netif_get_by_index
 .text.pbuf_add_header_impl
                0x08003fd8       0x68 ./Middlewares/Third_Party/LwIP/src/core/pbuf.o
 .text.pbuf_alloc_reference
                0x08004040       0x48 ./Middlewares/Third_Party/LwIP/src/core/pbuf.o
                0x08004040                pbuf_alloc_reference
 .text.pbuf_alloced_custom
                0x08004088       0x32 ./Middlewares/Third_Party/LwIP/src/core/pbuf.o
                0x08004088                pbuf_alloced_custom
 .text.pbuf_add_header
                0x080040ba        0x6 ./Middlewares/Third_Party/LwIP/src/core/pbuf.o
                0x080040ba                pbuf_add_header
 .text.pbuf_remove_header
                0x080040c0       0x58 ./Middlewares/Third_Party/LwIP/src/core/pbuf.o
                0x080040c0                pbuf_remove_header
 .text.pbuf_header_force
                0x08004118       0x10 ./Middlewares/Third_Party/LwIP/src/core/pbuf.o
                0x08004118                pbuf_header_force
 .text.pbuf_free
                0x08004128       0xc8 ./Middlewares/Third_Party/LwIP/src/core/pbuf.o
                0x08004128                pbuf_free
 .text.pbuf_alloc
                0x080041f0       0xf8 ./Middlewares/Third_Party/LwIP/src/core/pbuf.o
                0x080041f0                pbuf_alloc
 .text.pbuf_realloc
                0x080042e8       0xb0 ./Middlewares/Third_Party/LwIP/src/core/pbuf.o
                0x080042e8                pbuf_realloc
 .text.pbuf_clen
                0x08004398       0x10 ./Middlewares/Third_Party/LwIP/src/core/pbuf.o
                0x08004398                pbuf_clen
 .text.pbuf_ref
                0x080043a8       0x28 ./Middlewares/Third_Party/LwIP/src/core/pbuf.o
                0x080043a8                pbuf_ref
 .text.pbuf_cat
                0x080043d0       0x74 ./Middlewares/Third_Party/LwIP/src/core/pbuf.o
                0x080043d0                pbuf_cat
 .text.pbuf_copy
                0x08004444      0x104 ./Middlewares/Third_Party/LwIP/src/core/pbuf.o
                0x08004444                pbuf_copy
 .text.pbuf_copy_partial
                0x08004548       0x84 ./Middlewares/Third_Party/LwIP/src/core/pbuf.o
                0x08004548                pbuf_copy_partial
 .text.pbuf_clone
                0x080045cc       0x38 ./Middlewares/Third_Party/LwIP/src/core/pbuf.o
                0x080045cc                pbuf_clone
 .text.tcp_close_shutdown_fin
                0x08004604       0x60 ./Middlewares/Third_Party/LwIP/src/core/tcp.o
 .text.tcp_init
                0x08004664       0x18 ./Middlewares/Third_Party/LwIP/src/core/tcp.o
                0x08004664                tcp_init
 .text.tcp_free
                0x0800467c       0x30 ./Middlewares/Third_Party/LwIP/src/core/tcp.o
                0x0800467c                tcp_free
 .text.tcp_update_rcv_ann_wnd
                0x080046ac       0x6c ./Middlewares/Third_Party/LwIP/src/core/tcp.o
                0x080046ac                tcp_update_rcv_ann_wnd
 .text.tcp_recved
                0x08004718       0x7c ./Middlewares/Third_Party/LwIP/src/core/tcp.o
                0x08004718                tcp_recved
 .text.tcp_seg_free
                0x08004794       0x1c ./Middlewares/Third_Party/LwIP/src/core/tcp.o
                0x08004794                tcp_seg_free
 .text.tcp_segs_free
                0x080047b0       0x10 ./Middlewares/Third_Party/LwIP/src/core/tcp.o
                0x080047b0                tcp_segs_free
 .text.tcp_seg_copy
                0x080047c0       0x48 ./Middlewares/Third_Party/LwIP/src/core/tcp.o
                0x080047c0                tcp_seg_copy
 .text.tcp_next_iss
                0x08004808       0x34 ./Middlewares/Third_Party/LwIP/src/core/tcp.o
                0x08004808                tcp_next_iss
 .text.tcp_eff_send_mss_netif
                0x0800483c       0x3c ./Middlewares/Third_Party/LwIP/src/core/tcp.o
                0x0800483c                tcp_eff_send_mss_netif
 .text.tcp_free_ooseq
                0x08004878       0x12 ./Middlewares/Third_Party/LwIP/src/core/tcp.o
                0x08004878                tcp_free_ooseq
 *fill*         0x0800488a        0x2 
 .text.tcp_pcb_purge
                0x0800488c       0x64 ./Middlewares/Third_Party/LwIP/src/core/tcp.o
                0x0800488c                tcp_pcb_purge
 .text.tcp_pcb_remove
                0x080048f0       0xcc ./Middlewares/Third_Party/LwIP/src/core/tcp.o
                0x080048f0                tcp_pcb_remove
 .text.tcp_abandon
                0x080049bc      0x10c ./Middlewares/Third_Party/LwIP/src/core/tcp.o
                0x080049bc                tcp_abandon
 .text.tcp_abort
                0x08004ac8        0x6 ./Middlewares/Third_Party/LwIP/src/core/tcp.o
                0x08004ac8                tcp_abort
 *fill*         0x08004ace        0x2 
 .text.tcp_netif_ip_addr_changed_pcblist
                0x08004ad0       0x3c ./Middlewares/Third_Party/LwIP/src/core/tcp.o
 .text.tcp_netif_ip_addr_changed
                0x08004b0c       0x48 ./Middlewares/Third_Party/LwIP/src/core/tcp.o
                0x08004b0c                tcp_netif_ip_addr_changed
 .text.tcp_kill_state
                0x08004b54       0x3c ./Middlewares/Third_Party/LwIP/src/core/tcp.o
 .text.tcp_alloc
                0x08004b90      0x134 ./Middlewares/Third_Party/LwIP/src/core/tcp.o
                0x08004b90                tcp_alloc
 .text.tcp_close_shutdown
                0x08004cc4      0x164 ./Middlewares/Third_Party/LwIP/src/core/tcp.o
 .text.tcp_close
                0x08004e28       0x3c ./Middlewares/Third_Party/LwIP/src/core/tcp.o
                0x08004e28                tcp_close
 .text.tcp_recv_null
                0x08004e64       0x48 ./Middlewares/Third_Party/LwIP/src/core/tcp.o
                0x08004e64                tcp_recv_null
 .text.tcp_process_refused_data
                0x08004eac       0x88 ./Middlewares/Third_Party/LwIP/src/core/tcp.o
                0x08004eac                tcp_process_refused_data
 .text.tcp_fasttmr
                0x08004f34       0x80 ./Middlewares/Third_Party/LwIP/src/core/tcp.o
                0x08004f34                tcp_fasttmr
 .text.tcp_slowtmr
                0x08004fb4      0x444 ./Middlewares/Third_Party/LwIP/src/core/tcp.o
                0x08004fb4                tcp_slowtmr
 .text.tcp_tmr  0x080053f8       0x24 ./Middlewares/Third_Party/LwIP/src/core/tcp.o
                0x080053f8                tcp_tmr
 .text.tcp_get_next_optbyte
                0x0800541c       0x38 ./Middlewares/Third_Party/LwIP/src/core/tcp_in.o
 .text.tcp_oos_insert_segment
                0x08005454       0x90 ./Middlewares/Third_Party/LwIP/src/core/tcp_in.o
 .text.tcp_parseopt
                0x080054e4       0x8c ./Middlewares/Third_Party/LwIP/src/core/tcp_in.o
 .text.tcp_input_delayed_close
                0x08005570       0x3c ./Middlewares/Third_Party/LwIP/src/core/tcp_in.o
 .text.tcp_free_acked_segments.isra.0
                0x080055ac       0xc0 ./Middlewares/Third_Party/LwIP/src/core/tcp_in.o
 .text.tcp_receive
                0x0800566c      0x848 ./Middlewares/Third_Party/LwIP/src/core/tcp_in.o
 .text.tcp_input
                0x08005eb4      0xaf4 ./Middlewares/Third_Party/LwIP/src/core/tcp_in.o
                0x08005eb4                tcp_input
 .text.tcp_trigger_input_pcb_close
                0x080069a8       0x10 ./Middlewares/Third_Party/LwIP/src/core/tcp_in.o
                0x080069a8                tcp_trigger_input_pcb_close
 .text.tcp_output_segment_busy
                0x080069b8       0x2c ./Middlewares/Third_Party/LwIP/src/core/tcp_out.o
 .text.tcp_create_segment
                0x080069e4       0xdc ./Middlewares/Third_Party/LwIP/src/core/tcp_out.o
 .text.tcp_output_alloc_header_common.constprop.0
                0x08006ac0       0x84 ./Middlewares/Third_Party/LwIP/src/core/tcp_out.o
 .text.tcp_output_alloc_header.constprop.0
                0x08006b44       0x4c ./Middlewares/Third_Party/LwIP/src/core/tcp_out.o
 .text.tcp_output_fill_options.constprop.0
                0x08006b90       0x20 ./Middlewares/Third_Party/LwIP/src/core/tcp_out.o
 .text.tcp_output_control_segment
                0x08006bb0       0x70 ./Middlewares/Third_Party/LwIP/src/core/tcp_out.o
 .text.tcp_split_unsent_seg
                0x08006c20      0x198 ./Middlewares/Third_Party/LwIP/src/core/tcp_out.o
                0x08006c20                tcp_split_unsent_seg
 .text.tcp_enqueue_flags
                0x08006db8      0x128 ./Middlewares/Third_Party/LwIP/src/core/tcp_out.o
                0x08006db8                tcp_enqueue_flags
 .text.tcp_send_fin
                0x08006ee0       0x60 ./Middlewares/Third_Party/LwIP/src/core/tcp_out.o
                0x08006ee0                tcp_send_fin
 .text.tcp_rexmit_rto_prepare
                0x08006f40       0x88 ./Middlewares/Third_Party/LwIP/src/core/tcp_out.o
                0x08006f40                tcp_rexmit_rto_prepare
 .text.tcp_rexmit
                0x08006fc8       0x80 ./Middlewares/Third_Party/LwIP/src/core/tcp_out.o
                0x08006fc8                tcp_rexmit
 .text.tcp_rexmit_fast
                0x08007048       0x68 ./Middlewares/Third_Party/LwIP/src/core/tcp_out.o
                0x08007048                tcp_rexmit_fast
 .text.tcp_rst  0x080070b0       0x8c ./Middlewares/Third_Party/LwIP/src/core/tcp_out.o
                0x080070b0                tcp_rst
 .text.tcp_send_empty_ack
                0x0800713c       0x64 ./Middlewares/Third_Party/LwIP/src/core/tcp_out.o
                0x0800713c                tcp_send_empty_ack
 .text.tcp_output
                0x080071a0      0x350 ./Middlewares/Third_Party/LwIP/src/core/tcp_out.o
                0x080071a0                tcp_output
 .text.tcp_rexmit_rto_commit
                0x080074f0       0x38 ./Middlewares/Third_Party/LwIP/src/core/tcp_out.o
                0x080074f0                tcp_rexmit_rto_commit
 .text.tcp_rexmit_rto
                0x08007528       0x34 ./Middlewares/Third_Party/LwIP/src/core/tcp_out.o
                0x08007528                tcp_rexmit_rto
 .text.tcp_keepalive
                0x0800755c       0x50 ./Middlewares/Third_Party/LwIP/src/core/tcp_out.o
                0x0800755c                tcp_keepalive
 .text.tcp_zero_window_probe
                0x080075ac       0xc8 ./Middlewares/Third_Party/LwIP/src/core/tcp_out.o
                0x080075ac                tcp_zero_window_probe
 .text.sys_timeout_abs
                0x08007674       0x64 ./Middlewares/Third_Party/LwIP/src/core/timeouts.o
 .text.lwip_cyclic_timer
                0x080076d8       0x34 ./Middlewares/Third_Party/LwIP/src/core/timeouts.o
 .text.sys_timeout
                0x0800770c       0x3c ./Middlewares/Third_Party/LwIP/src/core/timeouts.o
                0x0800770c                sys_timeout
 .text.tcp_timer_needed
                0x08007748       0x34 ./Middlewares/Third_Party/LwIP/src/core/timeouts.o
                0x08007748                tcp_timer_needed
 .text.tcpip_tcp_timer
                0x0800777c       0x38 ./Middlewares/Third_Party/LwIP/src/core/timeouts.o
 .text.sys_timeouts_init
                0x080077b4       0x2c ./Middlewares/Third_Party/LwIP/src/core/timeouts.o
                0x080077b4                sys_timeouts_init
 .text.udp_init
                0x080077e0       0x18 ./Middlewares/Third_Party/LwIP/src/core/udp.o
                0x080077e0                udp_init
 .text.udp_input
                0x080077f8      0x1ac ./Middlewares/Third_Party/LwIP/src/core/udp.o
                0x080077f8                udp_input
 .text.udp_netif_ip_addr_changed
                0x080079a4       0x2c ./Middlewares/Third_Party/LwIP/src/core/udp.o
                0x080079a4                udp_netif_ip_addr_changed
 .text.etharp_free_entry
                0x080079d0       0x28 ./Middlewares/Third_Party/LwIP/src/core/ipv4/etharp.o
 .text.etharp_find_entry
                0x080079f8      0x11c ./Middlewares/Third_Party/LwIP/src/core/ipv4/etharp.o
 .text.etharp_raw
                0x08007b14       0xdc ./Middlewares/Third_Party/LwIP/src/core/ipv4/etharp.o
 .text.etharp_cleanup_netif
                0x08007bf0       0x28 ./Middlewares/Third_Party/LwIP/src/core/ipv4/etharp.o
                0x08007bf0                etharp_cleanup_netif
 .text.etharp_input
                0x08007c18      0x148 ./Middlewares/Third_Party/LwIP/src/core/ipv4/etharp.o
                0x08007c18                etharp_input
 .text.etharp_request
                0x08007d60       0x2c ./Middlewares/Third_Party/LwIP/src/core/ipv4/etharp.o
                0x08007d60                etharp_request
 .text.etharp_tmr
                0x08007d8c       0x50 ./Middlewares/Third_Party/LwIP/src/core/ipv4/etharp.o
                0x08007d8c                etharp_tmr
 .text.etharp_output_to_arp_index
                0x08007ddc       0xac ./Middlewares/Third_Party/LwIP/src/core/ipv4/etharp.o
 .text.etharp_query
                0x08007e88      0x134 ./Middlewares/Third_Party/LwIP/src/core/ipv4/etharp.o
                0x08007e88                etharp_query
 .text.etharp_output
                0x08007fbc      0x138 ./Middlewares/Third_Party/LwIP/src/core/ipv4/etharp.o
                0x08007fbc                etharp_output
 .text.icmp_send_response
                0x080080f4       0x90 ./Middlewares/Third_Party/LwIP/src/core/ipv4/icmp.o
 .text.icmp_input
                0x08008184      0x12c ./Middlewares/Third_Party/LwIP/src/core/ipv4/icmp.o
                0x08008184                icmp_input
 .text.icmp_dest_unreach
                0x080082b0        0x8 ./Middlewares/Third_Party/LwIP/src/core/ipv4/icmp.o
                0x080082b0                icmp_dest_unreach
 .text.icmp_time_exceeded
                0x080082b8        0x8 ./Middlewares/Third_Party/LwIP/src/core/ipv4/icmp.o
                0x080082b8                icmp_time_exceeded
 .text.ip4_input_accept
                0x080082c0       0x34 ./Middlewares/Third_Party/LwIP/src/core/ipv4/ip4.o
 .text.ip4_route
                0x080082f4       0x5c ./Middlewares/Third_Party/LwIP/src/core/ipv4/ip4.o
                0x080082f4                ip4_route
 .text.ip4_input
                0x08008350      0x16c ./Middlewares/Third_Party/LwIP/src/core/ipv4/ip4.o
                0x08008350                ip4_input
 .text.ip4_output_if_src
                0x080084bc       0xf8 ./Middlewares/Third_Party/LwIP/src/core/ipv4/ip4.o
                0x080084bc                ip4_output_if_src
 .text.ip4_output_if
                0x080085b4       0x22 ./Middlewares/Third_Party/LwIP/src/core/ipv4/ip4.o
                0x080085b4                ip4_output_if
 .text.ip4_addr_isbroadcast_u32
                0x080085d6       0x36 ./Middlewares/Third_Party/LwIP/src/core/ipv4/ip4_addr.o
                0x080085d6                ip4_addr_isbroadcast_u32
 .text.ip_reass_dequeue_datagram
                0x0800860c       0x44 ./Middlewares/Third_Party/LwIP/src/core/ipv4/ip4_frag.o
 .text.ip_reass_free_complete_datagram
                0x08008650       0xe8 ./Middlewares/Third_Party/LwIP/src/core/ipv4/ip4_frag.o
 .text.ip_reass_remove_oldest_datagram
                0x08008738       0x7c ./Middlewares/Third_Party/LwIP/src/core/ipv4/ip4_frag.o
 .text.ipfrag_free_pbuf_custom
                0x080087b4       0x34 ./Middlewares/Third_Party/LwIP/src/core/ipv4/ip4_frag.o
 .text.ip_reass_tmr
                0x080087e8       0x2c ./Middlewares/Third_Party/LwIP/src/core/ipv4/ip4_frag.o
                0x080087e8                ip_reass_tmr
 .text.ip4_reass
                0x08008814      0x3a0 ./Middlewares/Third_Party/LwIP/src/core/ipv4/ip4_frag.o
                0x08008814                ip4_reass
 .text.ip4_frag
                0x08008bb4      0x1d0 ./Middlewares/Third_Party/LwIP/src/core/ipv4/ip4_frag.o
                0x08008bb4                ip4_frag
 .text.ethernet_input
                0x08008d84       0xa0 ./Middlewares/Third_Party/LwIP/src/netif/ethernet.o
                0x08008d84                ethernet_input
 .text.ethernet_output
                0x08008e24       0x70 ./Middlewares/Third_Party/LwIP/src/netif/ethernet.o
                0x08008e24                ethernet_output
 .text.rand     0x08008e94       0x7c C:/ST/STM32CubeIDE_1.19.0/STM32CubeIDE/plugins/com.st.stm32cube.ide.mcu.externaltools.gnu-tools-for-stm32.13.3.rel1.win32_1.0.0.202411081344/tools/bin/../lib/gcc/arm-none-eabi/13.3.1/../../../../arm-none-eabi/lib/thumb/v7e-m+dp/hard\libc_nano.a(libc_a-rand.o)
                0x08008e94                rand
 .text.std      0x08008f10       0x6c C:/ST/STM32CubeIDE_1.19.0/STM32CubeIDE/plugins/com.st.stm32cube.ide.mcu.externaltools.gnu-tools-for-stm32.13.3.rel1.win32_1.0.0.202411081344/tools/bin/../lib/gcc/arm-none-eabi/13.3.1/../../../../arm-none-eabi/lib/thumb/v7e-m+dp/hard\libc_nano.a(libc_a-findfp.o)
 .text.stdio_exit_handler
                0x08008f7c       0x18 C:/ST/STM32CubeIDE_1.19.0/STM32CubeIDE/plugins/com.st.stm32cube.ide.mcu.externaltools.gnu-tools-for-stm32.13.3.rel1.win32_1.0.0.202411081344/tools/bin/../lib/gcc/arm-none-eabi/13.3.1/../../../../arm-none-eabi/lib/thumb/v7e-m+dp/hard\libc_nano.a(libc_a-findfp.o)
 .text.cleanup_stdio
                0x08008f94       0x40 C:/ST/STM32CubeIDE_1.19.0/STM32CubeIDE/plugins/com.st.stm32cube.ide.mcu.externaltools.gnu-tools-for-stm32.13.3.rel1.win32_1.0.0.202411081344/tools/bin/../lib/gcc/arm-none-eabi/13.3.1/../../../../arm-none-eabi/lib/thumb/v7e-m+dp/hard\libc_nano.a(libc_a-findfp.o)
 .text.global_stdio_init.part.0
                0x08008fd4       0x3c C:/ST/STM32CubeIDE_1.19.0/STM32CubeIDE/plugins/com.st.stm32cube.ide.mcu.externaltools.gnu-tools-for-stm32.13.3.rel1.win32_1.0.0.202411081344/tools/bin/../lib/gcc/arm-none-eabi/13.3.1/../../../../arm-none-eabi/lib/thumb/v7e-m+dp/hard\libc_nano.a(libc_a-findfp.o)
 .text.__sfp_lock_acquire
                0x08009010        0xc C:/ST/STM32CubeIDE_1.19.0/STM32CubeIDE/plugins/com.st.stm32cube.ide.mcu.externaltools.gnu-tools-for-stm32.13.3.rel1.win32_1.0.0.202411081344/tools/bin/../lib/gcc/arm-none-eabi/13.3.1/../../../../arm-none-eabi/lib/thumb/v7e-m+dp/hard\libc_nano.a(libc_a-findfp.o)
                0x08009010                __sfp_lock_acquire
 .text.__sfp_lock_release
                0x0800901c        0xc C:/ST/STM32CubeIDE_1.19.0/STM32CubeIDE/plugins/com.st.stm32cube.ide.mcu.externaltools.gnu-tools-for-stm32.13.3.rel1.win32_1.0.0.202411081344/tools/bin/../lib/gcc/arm-none-eabi/13.3.1/../../../../arm-none-eabi/lib/thumb/v7e-m+dp/hard\libc_nano.a(libc_a-findfp.o)
                0x0800901c                __sfp_lock_release
 .text.__sinit  0x08009028       0x30 C:/ST/STM32CubeIDE_1.19.0/STM32CubeIDE/plugins/com.st.stm32cube.ide.mcu.externaltools.gnu-tools-for-stm32.13.3.rel1.win32_1.0.0.202411081344/tools/bin/../lib/gcc/arm-none-eabi/13.3.1/../../../../arm-none-eabi/lib/thumb/v7e-m+dp/hard\libc_nano.a(libc_a-findfp.o)
                0x08009028                __sinit
 .text._fwalk_sglue
                0x08009058       0x3c C:/ST/STM32CubeIDE_1.19.0/STM32CubeIDE/plugins/com.st.stm32cube.ide.mcu.externaltools.gnu-tools-for-stm32.13.3.rel1.win32_1.0.0.202411081344/tools/bin/../lib/gcc/arm-none-eabi/13.3.1/../../../../arm-none-eabi/lib/thumb/v7e-m+dp/hard\libc_nano.a(libc_a-fwalk.o)
                0x08009058                _fwalk_sglue
 .text.printf   0x08009094       0x24 C:/ST/STM32CubeIDE_1.19.0/STM32CubeIDE/plugins/com.st.stm32cube.ide.mcu.externaltools.gnu-tools-for-stm32.13.3.rel1.win32_1.0.0.202411081344/tools/bin/../lib/gcc/arm-none-eabi/13.3.1/../../../../arm-none-eabi/lib/thumb/v7e-m+dp/hard\libc_nano.a(libc_a-printf.o)
                0x08009094                iprintf
                0x08009094                printf
 .text.__sread  0x080090b8       0x22 C:/ST/STM32CubeIDE_1.19.0/STM32CubeIDE/plugins/com.st.stm32cube.ide.mcu.externaltools.gnu-tools-for-stm32.13.3.rel1.win32_1.0.0.202411081344/tools/bin/../lib/gcc/arm-none-eabi/13.3.1/../../../../arm-none-eabi/lib/thumb/v7e-m+dp/hard\libc_nano.a(libc_a-stdio.o)
                0x080090b8                __sread
 .text.__swrite
                0x080090da       0x38 C:/ST/STM32CubeIDE_1.19.0/STM32CubeIDE/plugins/com.st.stm32cube.ide.mcu.externaltools.gnu-tools-for-stm32.13.3.rel1.win32_1.0.0.202411081344/tools/bin/../lib/gcc/arm-none-eabi/13.3.1/../../../../arm-none-eabi/lib/thumb/v7e-m+dp/hard\libc_nano.a(libc_a-stdio.o)
                0x080090da                __swrite
 .text.__sseek  0x08009112       0x24 C:/ST/STM32CubeIDE_1.19.0/STM32CubeIDE/plugins/com.st.stm32cube.ide.mcu.externaltools.gnu-tools-for-stm32.13.3.rel1.win32_1.0.0.202411081344/tools/bin/../lib/gcc/arm-none-eabi/13.3.1/../../../../arm-none-eabi/lib/thumb/v7e-m+dp/hard\libc_nano.a(libc_a-stdio.o)
                0x08009112                __sseek
 .text.__sclose
                0x08009136        0x8 C:/ST/STM32CubeIDE_1.19.0/STM32CubeIDE/plugins/com.st.stm32cube.ide.mcu.externaltools.gnu-tools-for-stm32.13.3.rel1.win32_1.0.0.202411081344/tools/bin/../lib/gcc/arm-none-eabi/13.3.1/../../../../arm-none-eabi/lib/thumb/v7e-m+dp/hard\libc_nano.a(libc_a-stdio.o)
                0x08009136                __sclose
 .text.memcmp   0x0800913e       0x20 C:/ST/STM32CubeIDE_1.19.0/STM32CubeIDE/plugins/com.st.stm32cube.ide.mcu.externaltools.gnu-tools-for-stm32.13.3.rel1.win32_1.0.0.202411081344/tools/bin/../lib/gcc/arm-none-eabi/13.3.1/../../../../arm-none-eabi/lib/thumb/v7e-m+dp/hard\libc_nano.a(libc_a-memcmp.o)
                0x0800913e                memcmp
 .text.memset   0x0800915e       0x10 C:/ST/STM32CubeIDE_1.19.0/STM32CubeIDE/plugins/com.st.stm32cube.ide.mcu.externaltools.gnu-tools-for-stm32.13.3.rel1.win32_1.0.0.202411081344/tools/bin/../lib/gcc/arm-none-eabi/13.3.1/../../../../arm-none-eabi/lib/thumb/v7e-m+dp/hard\libc_nano.a(libc_a-memset.o)
                0x0800915e                memset
 *fill*         0x0800916e        0x2 
 .text._close_r
                0x08009170       0x20 C:/ST/STM32CubeIDE_1.19.0/STM32CubeIDE/plugins/com.st.stm32cube.ide.mcu.externaltools.gnu-tools-for-stm32.13.3.rel1.win32_1.0.0.202411081344/tools/bin/../lib/gcc/arm-none-eabi/13.3.1/../../../../arm-none-eabi/lib/thumb/v7e-m+dp/hard\libc_nano.a(libc_a-closer.o)
                0x08009170                _close_r
 .text._lseek_r
                0x08009190       0x24 C:/ST/STM32CubeIDE_1.19.0/STM32CubeIDE/plugins/com.st.stm32cube.ide.mcu.externaltools.gnu-tools-for-stm32.13.3.rel1.win32_1.0.0.202411081344/tools/bin/../lib/gcc/arm-none-eabi/13.3.1/../../../../arm-none-eabi/lib/thumb/v7e-m+dp/hard\libc_nano.a(libc_a-lseekr.o)
                0x08009190                _lseek_r
 .text._read_r  0x080091b4       0x24 C:/ST/STM32CubeIDE_1.19.0/STM32CubeIDE/plugins/com.st.stm32cube.ide.mcu.externaltools.gnu-tools-for-stm32.13.3.rel1.win32_1.0.0.202411081344/tools/bin/../lib/gcc/arm-none-eabi/13.3.1/../../../../arm-none-eabi/lib/thumb/v7e-m+dp/hard\libc_nano.a(libc_a-readr.o)
                0x080091b4                _read_r
 .text._write_r
                0x080091d8       0x24 C:/ST/STM32CubeIDE_1.19.0/STM32CubeIDE/plugins/com.st.stm32cube.ide.mcu.externaltools.gnu-tools-for-stm32.13.3.rel1.win32_1.0.0.202411081344/tools/bin/../lib/gcc/arm-none-eabi/13.3.1/../../../../arm-none-eabi/lib/thumb/v7e-m+dp/hard\libc_nano.a(libc_a-writer.o)
                0x080091d8                _write_r
 .text.__libc_init_array
                0x080091fc       0x48 C:/ST/STM32CubeIDE_1.19.0/STM32CubeIDE/plugins/com.st.stm32cube.ide.mcu.externaltools.gnu-tools-for-stm32.13.3.rel1.win32_1.0.0.202411081344/tools/bin/../lib/gcc/arm-none-eabi/13.3.1/../../../../arm-none-eabi/lib/thumb/v7e-m+dp/hard\libc_nano.a(libc_a-init.o)
                0x080091fc                __libc_init_array
 .text.__retarget_lock_init_recursive
                0x08009244        0x2 C:/ST/STM32CubeIDE_1.19.0/STM32CubeIDE/plugins/com.st.stm32cube.ide.mcu.externaltools.gnu-tools-for-stm32.13.3.rel1.win32_1.0.0.202411081344/tools/bin/../lib/gcc/arm-none-eabi/13.3.1/../../../../arm-none-eabi/lib/thumb/v7e-m+dp/hard\libc_nano.a(libc_a-lock.o)
                0x08009244                __retarget_lock_init_recursive
 .text.__retarget_lock_acquire_recursive
                0x08009246        0x2 C:/ST/STM32CubeIDE_1.19.0/STM32CubeIDE/plugins/com.st.stm32cube.ide.mcu.externaltools.gnu-tools-for-stm32.13.3.rel1.win32_1.0.0.202411081344/tools/bin/../lib/gcc/arm-none-eabi/13.3.1/../../../../arm-none-eabi/lib/thumb/v7e-m+dp/hard\libc_nano.a(libc_a-lock.o)
                0x08009246                __retarget_lock_acquire_recursive
 .text.__retarget_lock_release_recursive
                0x08009248        0x2 C:/ST/STM32CubeIDE_1.19.0/STM32CubeIDE/plugins/com.st.stm32cube.ide.mcu.externaltools.gnu-tools-for-stm32.13.3.rel1.win32_1.0.0.202411081344/tools/bin/../lib/gcc/arm-none-eabi/13.3.1/../../../../arm-none-eabi/lib/thumb/v7e-m+dp/hard\libc_nano.a(libc_a-lock.o)
                0x08009248                __retarget_lock_release_recursive
 .text.memcpy   0x0800924a       0x1c C:/ST/STM32CubeIDE_1.19.0/STM32CubeIDE/plugins/com.st.stm32cube.ide.mcu.externaltools.gnu-tools-for-stm32.13.3.rel1.win32_1.0.0.202411081344/tools/bin/../lib/gcc/arm-none-eabi/13.3.1/../../../../arm-none-eabi/lib/thumb/v7e-m+dp/hard\libc_nano.a(libc_a-memcpy-stub.o)
                0x0800924a                memcpy
 *fill*         0x08009266        0x2 
 .text.__assert_func
                0x08009268       0x3c C:/ST/STM32CubeIDE_1.19.0/STM32CubeIDE/plugins/com.st.stm32cube.ide.mcu.externaltools.gnu-tools-for-stm32.13.3.rel1.win32_1.0.0.202411081344/tools/bin/../lib/gcc/arm-none-eabi/13.3.1/../../../../arm-none-eabi/lib/thumb/v7e-m+dp/hard\libc_nano.a(libc_a-assert.o)
                0x08009268                __assert_func
 .text._free_r  0x080092a4       0x94 C:/ST/STM32CubeIDE_1.19.0/STM32CubeIDE/plugins/com.st.stm32cube.ide.mcu.externaltools.gnu-tools-for-stm32.13.3.rel1.win32_1.0.0.202411081344/tools/bin/../lib/gcc/arm-none-eabi/13.3.1/../../../../arm-none-eabi/lib/thumb/v7e-m+dp/hard\libc_nano.a(libc_a-freer.o)
                0x080092a4                _free_r
 .text.malloc   0x08009338       0x10 C:/ST/STM32CubeIDE_1.19.0/STM32CubeIDE/plugins/com.st.stm32cube.ide.mcu.externaltools.gnu-tools-for-stm32.13.3.rel1.win32_1.0.0.202411081344/tools/bin/../lib/gcc/arm-none-eabi/13.3.1/../../../../arm-none-eabi/lib/thumb/v7e-m+dp/hard\libc_nano.a(libc_a-malloc.o)
                0x08009338                malloc
 .text.sbrk_aligned
                0x08009348       0x44 C:/ST/STM32CubeIDE_1.19.0/STM32CubeIDE/plugins/com.st.stm32cube.ide.mcu.externaltools.gnu-tools-for-stm32.13.3.rel1.win32_1.0.0.202411081344/tools/bin/../lib/gcc/arm-none-eabi/13.3.1/../../../../arm-none-eabi/lib/thumb/v7e-m+dp/hard\libc_nano.a(libc_a-mallocr.o)
 .text._malloc_r
                0x0800938c      0x100 C:/ST/STM32CubeIDE_1.19.0/STM32CubeIDE/plugins/com.st.stm32cube.ide.mcu.externaltools.gnu-tools-for-stm32.13.3.rel1.win32_1.0.0.202411081344/tools/bin/../lib/gcc/arm-none-eabi/13.3.1/../../../../arm-none-eabi/lib/thumb/v7e-m+dp/hard\libc_nano.a(libc_a-mallocr.o)
                0x0800938c                _malloc_r
 .text.__malloc_lock
                0x0800948c        0xc C:/ST/STM32CubeIDE_1.19.0/STM32CubeIDE/plugins/com.st.stm32cube.ide.mcu.externaltools.gnu-tools-for-stm32.13.3.rel1.win32_1.0.0.202411081344/tools/bin/../lib/gcc/arm-none-eabi/13.3.1/../../../../arm-none-eabi/lib/thumb/v7e-m+dp/hard\libc_nano.a(libc_a-mlock.o)
                0x0800948c                __malloc_lock
 .text.__malloc_unlock
                0x08009498        0xc C:/ST/STM32CubeIDE_1.19.0/STM32CubeIDE/plugins/com.st.stm32cube.ide.mcu.externaltools.gnu-tools-for-stm32.13.3.rel1.win32_1.0.0.202411081344/tools/bin/../lib/gcc/arm-none-eabi/13.3.1/../../../../arm-none-eabi/lib/thumb/v7e-m+dp/hard\libc_nano.a(libc_a-mlock.o)
                0x08009498                __malloc_unlock
 .text.__sfputc_r
                0x080094a4       0x2e C:/ST/STM32CubeIDE_1.19.0/STM32CubeIDE/plugins/com.st.stm32cube.ide.mcu.externaltools.gnu-tools-for-stm32.13.3.rel1.win32_1.0.0.202411081344/tools/bin/../lib/gcc/arm-none-eabi/13.3.1/../../../../arm-none-eabi/lib/thumb/v7e-m+dp/hard\libc_nano.a(libc_a-nano-vfprintf.o)
 .text.__sfputs_r
                0x080094d2       0x24 C:/ST/STM32CubeIDE_1.19.0/STM32CubeIDE/plugins/com.st.stm32cube.ide.mcu.externaltools.gnu-tools-for-stm32.13.3.rel1.win32_1.0.0.202411081344/tools/bin/../lib/gcc/arm-none-eabi/13.3.1/../../../../arm-none-eabi/lib/thumb/v7e-m+dp/hard\libc_nano.a(libc_a-nano-vfprintf.o)
                0x080094d2                __sfputs_r
 *fill*         0x080094f6        0x2 
 .text._vfprintf_r
                0x080094f8      0x230 C:/ST/STM32CubeIDE_1.19.0/STM32CubeIDE/plugins/com.st.stm32cube.ide.mcu.externaltools.gnu-tools-for-stm32.13.3.rel1.win32_1.0.0.202411081344/tools/bin/../lib/gcc/arm-none-eabi/13.3.1/../../../../arm-none-eabi/lib/thumb/v7e-m+dp/hard\libc_nano.a(libc_a-nano-vfprintf.o)
                0x080094f8                _vfprintf_r
                0x080094f8                _vfiprintf_r
 .text._printf_common
                0x08009728       0xda C:/ST/STM32CubeIDE_1.19.0/STM32CubeIDE/plugins/com.st.stm32cube.ide.mcu.externaltools.gnu-tools-for-stm32.13.3.rel1.win32_1.0.0.202411081344/tools/bin/../lib/gcc/arm-none-eabi/13.3.1/../../../../arm-none-eabi/lib/thumb/v7e-m+dp/hard\libc_nano.a(libc_a-nano-vfprintf_i.o)
                0x08009728                _printf_common
 *fill*         0x08009802        0x2 
 .text._printf_i
                0x08009804      0x23c C:/ST/STM32CubeIDE_1.19.0/STM32CubeIDE/plugins/com.st.stm32cube.ide.mcu.externaltools.gnu-tools-for-stm32.13.3.rel1.win32_1.0.0.202411081344/tools/bin/../lib/gcc/arm-none-eabi/13.3.1/../../../../arm-none-eabi/lib/thumb/v7e-m+dp/hard\libc_nano.a(libc_a-nano-vfprintf_i.o)
                0x08009804                _printf_i
 .text.__sflush_r
                0x08009a40      0x108 C:/ST/STM32CubeIDE_1.19.0/STM32CubeIDE/plugins/com.st.stm32cube.ide.mcu.externaltools.gnu-tools-for-stm32.13.3.rel1.win32_1.0.0.202411081344/tools/bin/../lib/gcc/arm-none-eabi/13.3.1/../../../../arm-none-eabi/lib/thumb/v7e-m+dp/hard\libc_nano.a(libc_a-fflush.o)
                0x08009a40                __sflush_r
 .text._fflush_r
                0x08009b48       0x50 C:/ST/STM32CubeIDE_1.19.0/STM32CubeIDE/plugins/com.st.stm32cube.ide.mcu.externaltools.gnu-tools-for-stm32.13.3.rel1.win32_1.0.0.202411081344/tools/bin/../lib/gcc/arm-none-eabi/13.3.1/../../../../arm-none-eabi/lib/thumb/v7e-m+dp/hard\libc_nano.a(libc_a-fflush.o)
                0x08009b48                _fflush_r
 .text.fprintf  0x08009b98       0x24 C:/ST/STM32CubeIDE_1.19.0/STM32CubeIDE/plugins/com.st.stm32cube.ide.mcu.externaltools.gnu-tools-for-stm32.13.3.rel1.win32_1.0.0.202411081344/tools/bin/../lib/gcc/arm-none-eabi/13.3.1/../../../../arm-none-eabi/lib/thumb/v7e-m+dp/hard\libc_nano.a(libc_a-fprintf.o)
                0x08009b98                fiprintf
                0x08009b98                fprintf
 .text.__swbuf_r
                0x08009bbc       0x7c C:/ST/STM32CubeIDE_1.19.0/STM32CubeIDE/plugins/com.st.stm32cube.ide.mcu.externaltools.gnu-tools-for-stm32.13.3.rel1.win32_1.0.0.202411081344/tools/bin/../lib/gcc/arm-none-eabi/13.3.1/../../../../arm-none-eabi/lib/thumb/v7e-m+dp/hard\libc_nano.a(libc_a-wbuf.o)
                0x08009bbc                __swbuf_r
 .text.__swsetup_r
                0x08009c38       0xac C:/ST/STM32CubeIDE_1.19.0/STM32CubeIDE/plugins/com.st.stm32cube.ide.mcu.externaltools.gnu-tools-for-stm32.13.3.rel1.win32_1.0.0.202411081344/tools/bin/../lib/gcc/arm-none-eabi/13.3.1/../../../../arm-none-eabi/lib/thumb/v7e-m+dp/hard\libc_nano.a(libc_a-wsetup.o)
                0x08009c38                __swsetup_r
 .text._sbrk_r  0x08009ce4       0x20 C:/ST/STM32CubeIDE_1.19.0/STM32CubeIDE/plugins/com.st.stm32cube.ide.mcu.externaltools.gnu-tools-for-stm32.13.3.rel1.win32_1.0.0.202411081344/tools/bin/../lib/gcc/arm-none-eabi/13.3.1/../../../../arm-none-eabi/lib/thumb/v7e-m+dp/hard\libc_nano.a(libc_a-sbrkr.o)
                0x08009ce4                _sbrk_r
 .text.abort    0x08009d04        0xe C:/ST/STM32CubeIDE_1.19.0/STM32CubeIDE/plugins/com.st.stm32cube.ide.mcu.externaltools.gnu-tools-for-stm32.13.3.rel1.win32_1.0.0.202411081344/tools/bin/../lib/gcc/arm-none-eabi/13.3.1/../../../../arm-none-eabi/lib/thumb/v7e-m+dp/hard\libc_nano.a(libc_a-abort.o)
                0x08009d04                abort
 .text.__swhatbuf_r
                0x08009d12       0x4c C:/ST/STM32CubeIDE_1.19.0/STM32CubeIDE/plugins/com.st.stm32cube.ide.mcu.externaltools.gnu-tools-for-stm32.13.3.rel1.win32_1.0.0.202411081344/tools/bin/../lib/gcc/arm-none-eabi/13.3.1/../../../../arm-none-eabi/lib/thumb/v7e-m+dp/hard\libc_nano.a(libc_a-makebuf.o)
                0x08009d12                __swhatbuf_r
 .text.__smakebuf_r
                0x08009d5e       0x78 C:/ST/STM32CubeIDE_1.19.0/STM32CubeIDE/plugins/com.st.stm32cube.ide.mcu.externaltools.gnu-tools-for-stm32.13.3.rel1.win32_1.0.0.202411081344/tools/bin/../lib/gcc/arm-none-eabi/13.3.1/../../../../arm-none-eabi/lib/thumb/v7e-m+dp/hard\libc_nano.a(libc_a-makebuf.o)
                0x08009d5e                __smakebuf_r
 .text._raise_r
                0x08009dd6       0x50 C:/ST/STM32CubeIDE_1.19.0/STM32CubeIDE/plugins/com.st.stm32cube.ide.mcu.externaltools.gnu-tools-for-stm32.13.3.rel1.win32_1.0.0.202411081344/tools/bin/../lib/gcc/arm-none-eabi/13.3.1/../../../../arm-none-eabi/lib/thumb/v7e-m+dp/hard\libc_nano.a(libc_a-signal.o)
                0x08009dd6                _raise_r
 *fill*         0x08009e26        0x2 
 .text.raise    0x08009e28       0x10 C:/ST/STM32CubeIDE_1.19.0/STM32CubeIDE/plugins/com.st.stm32cube.ide.mcu.externaltools.gnu-tools-for-stm32.13.3.rel1.win32_1.0.0.202411081344/tools/bin/../lib/gcc/arm-none-eabi/13.3.1/../../../../arm-none-eabi/lib/thumb/v7e-m+dp/hard\libc_nano.a(libc_a-signal.o)
                0x08009e28                raise
 .text._fstat_r
                0x08009e38       0x24 C:/ST/STM32CubeIDE_1.19.0/STM32CubeIDE/plugins/com.st.stm32cube.ide.mcu.externaltools.gnu-tools-for-stm32.13.3.rel1.win32_1.0.0.202411081344/tools/bin/../lib/gcc/arm-none-eabi/13.3.1/../../../../arm-none-eabi/lib/thumb/v7e-m+dp/hard\libc_nano.a(libc_a-fstatr.o)
                0x08009e38                _fstat_r
 .text._isatty_r
                0x08009e5c       0x20 C:/ST/STM32CubeIDE_1.19.0/STM32CubeIDE/plugins/com.st.stm32cube.ide.mcu.externaltools.gnu-tools-for-stm32.13.3.rel1.win32_1.0.0.202411081344/tools/bin/../lib/gcc/arm-none-eabi/13.3.1/../../../../arm-none-eabi/lib/thumb/v7e-m+dp/hard\libc_nano.a(libc_a-isattyr.o)
                0x08009e5c                _isatty_r
 .text._kill_r  0x08009e7c       0x24 C:/ST/STM32CubeIDE_1.19.0/STM32CubeIDE/plugins/com.st.stm32cube.ide.mcu.externaltools.gnu-tools-for-stm32.13.3.rel1.win32_1.0.0.202411081344/tools/bin/../lib/gcc/arm-none-eabi/13.3.1/../../../../arm-none-eabi/lib/thumb/v7e-m+dp/hard\libc_nano.a(libc_a-signalr.o)
                0x08009e7c                _kill_r
 .text._getpid_r
                0x08009ea0        0x4 C:/ST/STM32CubeIDE_1.19.0/STM32CubeIDE/plugins/com.st.stm32cube.ide.mcu.externaltools.gnu-tools-for-stm32.13.3.rel1.win32_1.0.0.202411081344/tools/bin/../lib/gcc/arm-none-eabi/13.3.1/../../../../arm-none-eabi/lib/thumb/v7e-m+dp/hard\libc_nano.a(libc_a-signalr.o)
                0x08009ea0                _getpid_r
 *(.glue_7)
 .glue_7        0x08009ea4        0x0 linker stubs
 *(.glue_7t)
 .glue_7t       0x08009ea4        0x0 linker stubs
 *(.eh_frame)
 .eh_frame      0x08009ea4        0x0 C:/ST/STM32CubeIDE_1.19.0/STM32CubeIDE/plugins/com.st.stm32cube.ide.mcu.externaltools.gnu-tools-for-stm32.13.3.rel1.win32_1.0.0.202411081344/tools/bin/../lib/gcc/arm-none-eabi/13.3.1/thumb/v7e-m+dp/hard/crtbegin.o
 *(.init)
 .init          0x08009ea4        0x4 C:/ST/STM32CubeIDE_1.19.0/STM32CubeIDE/plugins/com.st.stm32cube.ide.mcu.externaltools.gnu-tools-for-stm32.13.3.rel1.win32_1.0.0.202411081344/tools/bin/../lib/gcc/arm-none-eabi/13.3.1/thumb/v7e-m+dp/hard/crti.o
                0x08009ea4                _init
 .init          0x08009ea8        0x8 C:/ST/STM32CubeIDE_1.19.0/STM32CubeIDE/plugins/com.st.stm32cube.ide.mcu.externaltools.gnu-tools-for-stm32.13.3.rel1.win32_1.0.0.202411081344/tools/bin/../lib/gcc/arm-none-eabi/13.3.1/thumb/v7e-m+dp/hard/crtn.o
 *(.fini)
 .fini          0x08009eb0        0x4 C:/ST/STM32CubeIDE_1.19.0/STM32CubeIDE/plugins/com.st.stm32cube.ide.mcu.externaltools.gnu-tools-for-stm32.13.3.rel1.win32_1.0.0.202411081344/tools/bin/../lib/gcc/arm-none-eabi/13.3.1/thumb/v7e-m+dp/hard/crti.o
                0x08009eb0                _fini
 .fini          0x08009eb4        0x8 C:/ST/STM32CubeIDE_1.19.0/STM32CubeIDE/plugins/com.st.stm32cube.ide.mcu.externaltools.gnu-tools-for-stm32.13.3.rel1.win32_1.0.0.202411081344/tools/bin/../lib/gcc/arm-none-eabi/13.3.1/thumb/v7e-m+dp/hard/crtn.o
                0x08009ebc                        . = ALIGN (0x4)
                0x08009ebc                        _etext = .

.vfp11_veneer   0x08009ebc        0x0
 .vfp11_veneer  0x08009ebc        0x0 linker stubs

.v4_bx          0x08009ebc        0x0
 .v4_bx         0x08009ebc        0x0 linker stubs

.iplt           0x08009ebc        0x0
 .iplt          0x08009ebc        0x0 C:/ST/STM32CubeIDE_1.19.0/STM32CubeIDE/plugins/com.st.stm32cube.ide.mcu.externaltools.gnu-tools-for-stm32.13.3.rel1.win32_1.0.0.202411081344/tools/bin/../lib/gcc/arm-none-eabi/13.3.1/thumb/v7e-m+dp/hard/crtbegin.o

.rodata         0x08009ebc     0x1b7c
                0x08009ebc                        . = ALIGN (0x4)
 *(.rodata)
 *(.rodata*)
 .rodata.APBPrescTable
                0x08009ebc        0x8 ./Core/Src/system_stm32f7xx.o
                0x08009ebc                APBPrescTable
 .rodata.AHBPrescTable
                0x08009ec4       0x10 ./Core/Src/system_stm32f7xx.o
                0x08009ec4                AHBPrescTable
 .rodata.ethernetif_init.str1.1
                0x08009ed4     0x1a6b ./LWIP/Target/ethernetif.o
                                 0x52 (size before relaxing)
 *fill*         0x0800b93f        0x1 
 .rodata.CSWTCH.27
                0x0800b940        0x8 ./LWIP/Target/ethernetif.o
 .rodata.CSWTCH.26
                0x0800b948        0x8 ./LWIP/Target/ethernetif.o
 .rodata.memp_RX_POOL
                0x0800b950        0xc ./LWIP/Target/ethernetif.o
                0x0800b950                memp_RX_POOL
 .rodata.mem_free.str1.1
                0x0800b95c      0x148 ./Middlewares/Third_Party/LwIP/src/core/mem.o
 .rodata.mem_trim.str1.1
                0x0800b95c       0x48 ./Middlewares/Third_Party/LwIP/src/core/mem.o
 .rodata.mem_malloc.str1.1
                0x0800b95c       0x82 ./Middlewares/Third_Party/LwIP/src/core/mem.o
 .rodata.do_memp_free_pool.str1.1
                0x0800b95c       0x78 ./Middlewares/Third_Party/LwIP/src/core/memp.o
 .rodata.do_memp_malloc_pool.isra.0.str1.1
                0x0800b95c       0x23 ./Middlewares/Third_Party/LwIP/src/core/memp.o
 .rodata.memp_malloc_pool.str1.1
                0x0800b95c       0x12 ./Middlewares/Third_Party/LwIP/src/core/memp.o
 .rodata.memp_malloc.str1.1
                0x0800b95c       0x1d ./Middlewares/Third_Party/LwIP/src/core/memp.o
 .rodata.memp_free.str1.1
                0x0800b95c       0x1b ./Middlewares/Third_Party/LwIP/src/core/memp.o
 .rodata.memp_pools
                0x0800b95c       0x24 ./Middlewares/Third_Party/LwIP/src/core/memp.o
                0x0800b95c                memp_pools
 .rodata.memp_PBUF_POOL
                0x0800b980        0xc ./Middlewares/Third_Party/LwIP/src/core/memp.o
                0x0800b980                memp_PBUF_POOL
 .rodata.memp_PBUF
                0x0800b98c        0xc ./Middlewares/Third_Party/LwIP/src/core/memp.o
                0x0800b98c                memp_PBUF
 .rodata.memp_SYS_TIMEOUT
                0x0800b998        0xc ./Middlewares/Third_Party/LwIP/src/core/memp.o
                0x0800b998                memp_SYS_TIMEOUT
 .rodata.memp_FRAG_PBUF
                0x0800b9a4        0xc ./Middlewares/Third_Party/LwIP/src/core/memp.o
                0x0800b9a4                memp_FRAG_PBUF
 .rodata.memp_REASSDATA
                0x0800b9b0        0xc ./Middlewares/Third_Party/LwIP/src/core/memp.o
                0x0800b9b0                memp_REASSDATA
 .rodata.memp_TCP_SEG
                0x0800b9bc        0xc ./Middlewares/Third_Party/LwIP/src/core/memp.o
                0x0800b9bc                memp_TCP_SEG
 .rodata.memp_TCP_PCB_LISTEN
                0x0800b9c8        0xc ./Middlewares/Third_Party/LwIP/src/core/memp.o
                0x0800b9c8                memp_TCP_PCB_LISTEN
 .rodata.memp_TCP_PCB
                0x0800b9d4        0xc ./Middlewares/Third_Party/LwIP/src/core/memp.o
                0x0800b9d4                memp_TCP_PCB
 .rodata.memp_UDP_PCB
                0x0800b9e0        0xc ./Middlewares/Third_Party/LwIP/src/core/memp.o
                0x0800b9e0                memp_UDP_PCB
 .rodata.netif_issue_reports.str1.1
                0x0800b9ec       0x7c ./Middlewares/Third_Party/LwIP/src/core/netif.o
 .rodata.netif_add.str1.1
                0x0800b9ec       0x7d ./Middlewares/Third_Party/LwIP/src/core/netif.o
 .rodata.netif_set_up.str1.1
                0x0800b9ec       0x1c ./Middlewares/Third_Party/LwIP/src/core/netif.o
 .rodata.netif_set_down.str1.1
                0x0800b9ec       0x1e ./Middlewares/Third_Party/LwIP/src/core/netif.o
 .rodata.netif_set_link_up.str1.1
                0x0800b9ec       0x21 ./Middlewares/Third_Party/LwIP/src/core/netif.o
 .rodata.netif_set_link_down.str1.1
                0x0800b9ec       0x23 ./Middlewares/Third_Party/LwIP/src/core/netif.o
 .rodata.pbuf_add_header_impl.str1.1
                0x0800b9ec       0x62 ./Middlewares/Third_Party/LwIP/src/core/pbuf.o
 .rodata.pbuf_alloc_reference.str1.1
                0x0800b9ec       0x12 ./Middlewares/Third_Party/LwIP/src/core/pbuf.o
 .rodata.pbuf_remove_header.str1.1
                0x0800b9ec       0x1e ./Middlewares/Third_Party/LwIP/src/core/pbuf.o
 .rodata.pbuf_free.str1.1
                0x0800b9ec       0x49 ./Middlewares/Third_Party/LwIP/src/core/pbuf.o
 .rodata.pbuf_alloc.str1.1
                0x0800b9ec       0x1b ./Middlewares/Third_Party/LwIP/src/core/pbuf.o
 .rodata.pbuf_realloc.str1.1
                0x0800b9ec       0x4c ./Middlewares/Third_Party/LwIP/src/core/pbuf.o
 .rodata.pbuf_ref.str1.1
                0x0800b9ec       0x12 ./Middlewares/Third_Party/LwIP/src/core/pbuf.o
 .rodata.pbuf_cat.str1.1
                0x0800b9ec       0x72 ./Middlewares/Third_Party/LwIP/src/core/pbuf.o
 .rodata.pbuf_copy.str1.1
                0x0800b9ec       0x99 ./Middlewares/Third_Party/LwIP/src/core/pbuf.o
 .rodata.pbuf_copy_partial.str1.1
                0x0800b9ec       0x42 ./Middlewares/Third_Party/LwIP/src/core/pbuf.o
 .rodata.pbuf_clone.str1.1
                0x0800b9ec       0x11 ./Middlewares/Third_Party/LwIP/src/core/pbuf.o
 .rodata.tcp_close_shutdown_fin.str1.1
                0x0800b9ec       0x63 ./Middlewares/Third_Party/LwIP/src/core/tcp.o
 .rodata.tcp_free.str1.1
                0x0800b9ec       0x11 ./Middlewares/Third_Party/LwIP/src/core/tcp.o
 .rodata.tcp_update_rcv_ann_wnd.str1.1
                0x0800b9ec       0x3e ./Middlewares/Third_Party/LwIP/src/core/tcp.o
 .rodata.tcp_recved.str1.1
                0x0800b9ec       0x3e ./Middlewares/Third_Party/LwIP/src/core/tcp.o
 .rodata.tcp_seg_copy.str1.1
                0x0800b9ec       0x1a ./Middlewares/Third_Party/LwIP/src/core/tcp.o
 .rodata.tcp_next_iss.str1.1
                0x0800b9ec       0x1a ./Middlewares/Third_Party/LwIP/src/core/tcp.o
 .rodata.tcp_eff_send_mss_netif.str1.1
                0x0800b9ec       0x27 ./Middlewares/Third_Party/LwIP/src/core/tcp.o
 .rodata.tcp_pcb_purge.str1.1
                0x0800b9ec       0x1b ./Middlewares/Third_Party/LwIP/src/core/tcp.o
 .rodata.tcp_pcb_remove.str1.1
                0x0800b9ec       0x84 ./Middlewares/Third_Party/LwIP/src/core/tcp.o
 .rodata.tcp_abandon.str1.1
                0x0800b9ec       0x4a ./Middlewares/Third_Party/LwIP/src/core/tcp.o
 .rodata.tcp_netif_ip_addr_changed_pcblist.str1.1
                0x0800b9ec       0x34 ./Middlewares/Third_Party/LwIP/src/core/tcp.o
 .rodata.tcp_close_shutdown.str1.1
                0x0800b9ec       0x52 ./Middlewares/Third_Party/LwIP/src/core/tcp.o
 .rodata.tcp_close.str1.1
                0x0800b9ec       0x17 ./Middlewares/Third_Party/LwIP/src/core/tcp.o
 .rodata.tcp_recv_null.str1.1
                0x0800b9ec       0x1b ./Middlewares/Third_Party/LwIP/src/core/tcp.o
 .rodata.tcp_process_refused_data.str1.1
                0x0800b9ec       0x26 ./Middlewares/Third_Party/LwIP/src/core/tcp.o
 .rodata.tcp_slowtmr.str1.1
                0x0800b9ec      0x1b9 ./Middlewares/Third_Party/LwIP/src/core/tcp.o
 .rodata.tcp_pcb_lists
                0x0800b9ec       0x10 ./Middlewares/Third_Party/LwIP/src/core/tcp.o
                0x0800b9ec                tcp_pcb_lists
 .rodata.tcp_persist_backoff
                0x0800b9fc        0x7 ./Middlewares/Third_Party/LwIP/src/core/tcp.o
 .rodata.tcp_backoff
                0x0800ba03        0xd ./Middlewares/Third_Party/LwIP/src/core/tcp.o
 .rodata.tcp_oos_insert_segment.str1.1
                0x0800ba10       0x7f ./Middlewares/Third_Party/LwIP/src/core/tcp_in.o
 .rodata.tcp_parseopt.str1.1
                0x0800ba10       0x1a ./Middlewares/Third_Party/LwIP/src/core/tcp_in.o
 .rodata.tcp_free_acked_segments.isra.0.str1.1
                0x0800ba10       0x48 ./Middlewares/Third_Party/LwIP/src/core/tcp_in.o
 .rodata.tcp_receive.str1.1
                0x0800ba10       0xfe ./Middlewares/Third_Party/LwIP/src/core/tcp_in.o
 .rodata.tcp_input.str1.1
                0x0800ba10      0x1ce ./Middlewares/Third_Party/LwIP/src/core/tcp_in.o
 .rodata.tcp_output_segment_busy.str1.1
                0x0800ba10       0x80 ./Middlewares/Third_Party/LwIP/src/core/tcp_out.o
 .rodata.tcp_create_segment.str1.1
                0x0800ba10       0x56 ./Middlewares/Third_Party/LwIP/src/core/tcp_out.o
 .rodata.tcp_output_alloc_header_common.constprop.0.str1.1
                0x0800ba10       0x2e ./Middlewares/Third_Party/LwIP/src/core/tcp_out.o
 .rodata.tcp_output_alloc_header.constprop.0.str1.1
                0x0800ba10       0x25 ./Middlewares/Third_Party/LwIP/src/core/tcp_out.o
 .rodata.tcp_output_fill_options.constprop.0.str1.1
                0x0800ba10       0x26 ./Middlewares/Third_Party/LwIP/src/core/tcp_out.o
 .rodata.tcp_output_control_segment.str1.1
                0x0800ba10       0x29 ./Middlewares/Third_Party/LwIP/src/core/tcp_out.o
 .rodata.tcp_split_unsent_seg.str1.1
                0x0800ba10       0x5f ./Middlewares/Third_Party/LwIP/src/core/tcp_out.o
 .rodata.tcp_enqueue_flags.str1.1
                0x0800ba10      0x117 ./Middlewares/Third_Party/LwIP/src/core/tcp_out.o
 .rodata.tcp_send_fin.str1.1
                0x0800ba10       0x1a ./Middlewares/Third_Party/LwIP/src/core/tcp_out.o
 .rodata.tcp_rexmit_rto_prepare.str1.1
                0x0800ba10       0x24 ./Middlewares/Third_Party/LwIP/src/core/tcp_out.o
 .rodata.tcp_rexmit.str1.1
                0x0800ba10       0x18 ./Middlewares/Third_Party/LwIP/src/core/tcp_out.o
 .rodata.tcp_rexmit_fast.str1.1
                0x0800ba10       0x1d ./Middlewares/Third_Party/LwIP/src/core/tcp_out.o
 .rodata.tcp_rst.str1.1
                0x0800ba10       0x35 ./Middlewares/Third_Party/LwIP/src/core/tcp_out.o
 .rodata.tcp_send_empty_ack.str1.1
                0x0800ba10       0x20 ./Middlewares/Third_Party/LwIP/src/core/tcp_out.o
 .rodata.tcp_output.str1.1
                0x0800ba10       0x68 ./Middlewares/Third_Party/LwIP/src/core/tcp_out.o
 .rodata.tcp_rexmit_rto_commit.str1.1
                0x0800ba10       0x23 ./Middlewares/Third_Party/LwIP/src/core/tcp_out.o
 .rodata.tcp_rexmit_rto.str1.1
                0x0800ba10       0x1c ./Middlewares/Third_Party/LwIP/src/core/tcp_out.o
 .rodata.tcp_keepalive.str1.1
                0x0800ba10       0x1b ./Middlewares/Third_Party/LwIP/src/core/tcp_out.o
 .rodata.tcp_zero_window_probe.str1.1
                0x0800ba10       0x23 ./Middlewares/Third_Party/LwIP/src/core/tcp_out.o
 .rodata.sys_timeout_abs.str1.1
                0x0800ba10       0x99 ./Middlewares/Third_Party/LwIP/src/core/timeouts.o
 .rodata.sys_timeout.str1.1
                0x0800ba10       0x36 ./Middlewares/Third_Party/LwIP/src/core/timeouts.o
 .rodata.lwip_cyclic_timers
                0x0800ba10       0x18 ./Middlewares/Third_Party/LwIP/src/core/timeouts.o
                0x0800ba10                lwip_cyclic_timers
 .rodata.udp_input.str1.1
                0x0800ba28       0xc8 ./Middlewares/Third_Party/LwIP/src/core/udp.o
 .rodata.etharp_find_entry.str1.1
                0x0800ba28       0x9f ./Middlewares/Third_Party/LwIP/src/core/ipv4/etharp.o
 .rodata.etharp_raw.str1.1
                0x0800ba28       0x80 ./Middlewares/Third_Party/LwIP/src/core/ipv4/etharp.o
 .rodata.etharp_get_entry.str1.1
                0x0800ba28       0x1f ./Middlewares/Third_Party/LwIP/src/core/ipv4/etharp.o
 .rodata.etharp_input.str1.1
                0x0800ba28       0x24 ./Middlewares/Third_Party/LwIP/src/core/ipv4/etharp.o
 .rodata.etharp_output_to_arp_index.str1.1
                0x0800ba28       0x30 ./Middlewares/Third_Party/LwIP/src/core/ipv4/etharp.o
 .rodata.etharp_query.str1.1
                0x0800ba28       0x28 ./Middlewares/Third_Party/LwIP/src/core/ipv4/etharp.o
 .rodata.etharp_output.str1.1
                0x0800ba28        0xa ./Middlewares/Third_Party/LwIP/src/core/ipv4/etharp.o
 .rodata.icmp_send_response.str1.1
                0x0800ba28       0x89 ./Middlewares/Third_Party/LwIP/src/core/ipv4/icmp.o
 .rodata.icmp_input.str1.1
                0x0800ba28       0x67 ./Middlewares/Third_Party/LwIP/src/core/ipv4/icmp.o
 .rodata.ip4_output_if_src.str1.1
                0x0800ba28       0x95 ./Middlewares/Third_Party/LwIP/src/core/ipv4/ip4.o
 .rodata.ip_addr_any
                0x0800ba28        0x4 ./Middlewares/Third_Party/LwIP/src/core/ipv4/ip4_addr.o
                0x0800ba28                ip_addr_any
 .rodata.ip_reass_dequeue_datagram.str1.1
                0x0800ba2c       0x7a ./Middlewares/Third_Party/LwIP/src/core/ipv4/ip4_frag.o
 .rodata.ip_reass_free_complete_datagram.str1.1
                0x0800ba2c       0x5d ./Middlewares/Third_Party/LwIP/src/core/ipv4/ip4_frag.o
 .rodata.ipfrag_free_pbuf_custom.str1.1
                0x0800ba2c        0xc ./Middlewares/Third_Party/LwIP/src/core/ipv4/ip4_frag.o
 .rodata.ip4_reass.str1.1
                0x0800ba2c       0xbf ./Middlewares/Third_Party/LwIP/src/core/ipv4/ip4_frag.o
 .rodata.ip4_frag.str1.1
                0x0800ba2c       0x4a ./Middlewares/Third_Party/LwIP/src/core/ipv4/ip4_frag.o
 .rodata.ethernet_output.str1.1
                0x0800ba2c       0x8e ./Middlewares/Third_Party/LwIP/src/netif/ethernet.o
 .rodata.ethzero
                0x0800ba2c        0x6 ./Middlewares/Third_Party/LwIP/src/netif/ethernet.o
                0x0800ba2c                ethzero
 .rodata.ethbroadcast
                0x0800ba32        0x6 ./Middlewares/Third_Party/LwIP/src/netif/ethernet.o
                0x0800ba32                ethbroadcast
 .rodata.srand.str1.1
                0x0800ba38       0x6f C:/ST/STM32CubeIDE_1.19.0/STM32CubeIDE/plugins/com.st.stm32cube.ide.mcu.externaltools.gnu-tools-for-stm32.13.3.rel1.win32_1.0.0.202411081344/tools/bin/../lib/gcc/arm-none-eabi/13.3.1/../../../../arm-none-eabi/lib/thumb/v7e-m+dp/hard\libc_nano.a(libc_a-rand.o)
 .rodata.__assert_func.str1.1
                0x0800ba38       0x3d C:/ST/STM32CubeIDE_1.19.0/STM32CubeIDE/plugins/com.st.stm32cube.ide.mcu.externaltools.gnu-tools-for-stm32.13.3.rel1.win32_1.0.0.202411081344/tools/bin/../lib/gcc/arm-none-eabi/13.3.1/../../../../arm-none-eabi/lib/thumb/v7e-m+dp/hard\libc_nano.a(libc_a-assert.o)
 .rodata._vfprintf_r.str1.1
                0x0800ba38       0x11 C:/ST/STM32CubeIDE_1.19.0/STM32CubeIDE/plugins/com.st.stm32cube.ide.mcu.externaltools.gnu-tools-for-stm32.13.3.rel1.win32_1.0.0.202411081344/tools/bin/../lib/gcc/arm-none-eabi/13.3.1/../../../../arm-none-eabi/lib/thumb/v7e-m+dp/hard\libc_nano.a(libc_a-nano-vfprintf.o)
 .rodata._printf_i.str1.1
                0x0800ba38       0x22 C:/ST/STM32CubeIDE_1.19.0/STM32CubeIDE/plugins/com.st.stm32cube.ide.mcu.externaltools.gnu-tools-for-stm32.13.3.rel1.win32_1.0.0.202411081344/tools/bin/../lib/gcc/arm-none-eabi/13.3.1/../../../../arm-none-eabi/lib/thumb/v7e-m+dp/hard\libc_nano.a(libc_a-nano-vfprintf_i.o)
                0x0800bbe0                        . = ALIGN (0x4)

.ARM.extab      0x0800ba38        0x0
                0x0800ba38                        . = ALIGN (0x4)
 *(.ARM.extab* .gnu.linkonce.armextab.*)
                0x0800ba38                        . = ALIGN (0x4)

.ARM            0x0800ba38        0x8
                0x0800ba38                        . = ALIGN (0x4)
                0x0800ba38                        __exidx_start = .
 *(.ARM.exidx*)
 .ARM.exidx     0x0800ba38        0x8 C:/ST/STM32CubeIDE_1.19.0/STM32CubeIDE/plugins/com.st.stm32cube.ide.mcu.externaltools.gnu-tools-for-stm32.13.3.rel1.win32_1.0.0.202411081344/tools/bin/../lib/gcc/arm-none-eabi/13.3.1/../../../../arm-none-eabi/lib/thumb/v7e-m+dp/hard\libc_nano.a(libc_a-memchr.o)
 .ARM.exidx     0x0800ba40        0x0 C:/ST/STM32CubeIDE_1.19.0/STM32CubeIDE/plugins/com.st.stm32cube.ide.mcu.externaltools.gnu-tools-for-stm32.13.3.rel1.win32_1.0.0.202411081344/tools/bin/../lib/gcc/arm-none-eabi/13.3.1/thumb/v7e-m+dp/hard\libgcc.a(_udivmoddi4.o)
                                  0x8 (size before relaxing)
                0x0800ba40                        __exidx_end = .
                0x0800ba40                        . = ALIGN (0x4)

.preinit_array  0x0800ba40        0x0
                0x0800ba40                        . = ALIGN (0x4)
                0x0800ba40                        PROVIDE (__preinit_array_start = .)
 *(.preinit_array*)
                0x0800ba40                        PROVIDE (__preinit_array_end = .)
                0x0800ba40                        . = ALIGN (0x4)

.init_array     0x0800ba40        0x4
                0x0800ba40                        . = ALIGN (0x4)
                0x0800ba40                        PROVIDE (__init_array_start = .)
 *(SORT_BY_NAME(.init_array.*))
 *(.init_array*)
 .init_array    0x0800ba40        0x4 C:/ST/STM32CubeIDE_1.19.0/STM32CubeIDE/plugins/com.st.stm32cube.ide.mcu.externaltools.gnu-tools-for-stm32.13.3.rel1.win32_1.0.0.202411081344/tools/bin/../lib/gcc/arm-none-eabi/13.3.1/thumb/v7e-m+dp/hard/crtbegin.o
                0x0800ba44                        PROVIDE (__init_array_end = .)